Component: ARM Compiler 5.06 update 7 (build 960) Tool: armlink [4d3601]

==============================================================================

Section Cross References

    startup_stm32f407xx.o(RESET) refers to startup_stm32f407xx.o(STACK) for __initial_sp
    startup_stm32f407xx.o(RESET) refers to startup_stm32f407xx.o(.text) for Reset_Handler
    startup_stm32f407xx.o(RESET) refers to stm32f4xx_it.o(i.NMI_Handler) for NMI_Handler
    startup_stm32f407xx.o(RESET) refers to stm32f4xx_it.o(i.HardFault_Handler) for HardFault_Handler
    startup_stm32f407xx.o(RESET) refers to stm32f4xx_it.o(i.MemManage_Handler) for MemManage_Handler
    startup_stm32f407xx.o(RESET) refers to stm32f4xx_it.o(i.BusFault_Handler) for BusFault_Handler
    startup_stm32f407xx.o(RESET) refers to stm32f4xx_it.o(i.UsageFault_Handler) for UsageFault_Handler
    startup_stm32f407xx.o(RESET) refers to stm32f4xx_it.o(i.SVC_Handler) for SVC_Handler
    startup_stm32f407xx.o(RESET) refers to stm32f4xx_it.o(i.DebugMon_Handler) for DebugMon_Handler
    startup_stm32f407xx.o(RESET) refers to stm32f4xx_it.o(i.PendSV_Handler) for PendSV_Handler
    startup_stm32f407xx.o(RESET) refers to stm32f4xx_it.o(i.SysTick_Handler) for SysTick_Handler
    startup_stm32f407xx.o(RESET) refers to stm32f4xx_it.o(i.ADC_IRQHandler) for ADC_IRQHandler
    startup_stm32f407xx.o(RESET) refers to stm32f4xx_it.o(i.USART1_IRQHandler) for USART1_IRQHandler
    startup_stm32f407xx.o(RESET) refers to stm32f4xx_it.o(i.DMA2_Stream0_IRQHandler) for DMA2_Stream0_IRQHandler
    startup_stm32f407xx.o(RESET) refers to stm32f4xx_it.o(i.DMA2_Stream2_IRQHandler) for DMA2_Stream2_IRQHandler
    startup_stm32f407xx.o(.text) refers to system_stm32f4xx.o(i.SystemInit) for SystemInit
    startup_stm32f407xx.o(.text) refers to entry.o(.ARM.Collect$$$$00000000) for __main
    main.o(i.SystemClock_Config) refers to memseta.o(.text) for __aeabi_memclr4
    main.o(i.SystemClock_Config) refers to stm32f4xx_hal_rcc.o(i.HAL_RCC_OscConfig) for HAL_RCC_OscConfig
    main.o(i.SystemClock_Config) refers to stm32f4xx_hal_rcc.o(i.HAL_RCC_ClockConfig) for HAL_RCC_ClockConfig
    main.o(i.main) refers to stm32f4xx_hal.o(i.HAL_Init) for HAL_Init
    main.o(i.main) refers to main.o(i.SystemClock_Config) for SystemClock_Config
    main.o(i.main) refers to gpio.o(i.MX_GPIO_Init) for MX_GPIO_Init
    main.o(i.main) refers to dma.o(i.MX_DMA_Init) for MX_DMA_Init
    main.o(i.main) refers to usart.o(i.MX_USART1_UART_Init) for MX_USART1_UART_Init
    main.o(i.main) refers to adc.o(i.MX_ADC1_Init) for MX_ADC1_Init
    main.o(i.main) refers to scheduler.o(i.scheduler_init) for scheduler_init
    main.o(i.main) refers to scheduler.o(i.scheduler_run) for scheduler_run
    gpio.o(i.MX_GPIO_Init) refers to memseta.o(.text) for __aeabi_memclr4
    gpio.o(i.MX_GPIO_Init) refers to stm32f4xx_hal_gpio.o(i.HAL_GPIO_WritePin) for HAL_GPIO_WritePin
    gpio.o(i.MX_GPIO_Init) refers to stm32f4xx_hal_gpio.o(i.HAL_GPIO_Init) for HAL_GPIO_Init
    adc.o(i.HAL_ADC_MspDeInit) refers to stm32f4xx_hal_gpio.o(i.HAL_GPIO_DeInit) for HAL_GPIO_DeInit
    adc.o(i.HAL_ADC_MspDeInit) refers to stm32f4xx_hal_dma.o(i.HAL_DMA_DeInit) for HAL_DMA_DeInit
    adc.o(i.HAL_ADC_MspDeInit) refers to stm32f4xx_hal_cortex.o(i.HAL_NVIC_DisableIRQ) for HAL_NVIC_DisableIRQ
    adc.o(i.HAL_ADC_MspInit) refers to memseta.o(.text) for __aeabi_memclr4
    adc.o(i.HAL_ADC_MspInit) refers to stm32f4xx_hal_gpio.o(i.HAL_GPIO_Init) for HAL_GPIO_Init
    adc.o(i.HAL_ADC_MspInit) refers to stm32f4xx_hal_dma.o(i.HAL_DMA_Init) for HAL_DMA_Init
    adc.o(i.HAL_ADC_MspInit) refers to main.o(i.Error_Handler) for Error_Handler
    adc.o(i.HAL_ADC_MspInit) refers to stm32f4xx_hal_cortex.o(i.HAL_NVIC_SetPriority) for HAL_NVIC_SetPriority
    adc.o(i.HAL_ADC_MspInit) refers to stm32f4xx_hal_cortex.o(i.HAL_NVIC_EnableIRQ) for HAL_NVIC_EnableIRQ
    adc.o(i.HAL_ADC_MspInit) refers to adc.o(.bss) for .bss
    adc.o(i.MX_ADC1_Init) refers to stm32f4xx_hal_adc.o(i.HAL_ADC_Init) for HAL_ADC_Init
    adc.o(i.MX_ADC1_Init) refers to main.o(i.Error_Handler) for Error_Handler
    adc.o(i.MX_ADC1_Init) refers to stm32f4xx_hal_adc.o(i.HAL_ADC_ConfigChannel) for HAL_ADC_ConfigChannel
    adc.o(i.MX_ADC1_Init) refers to adc.o(.bss) for .bss
    dma.o(i.MX_DMA_Init) refers to stm32f4xx_hal_cortex.o(i.HAL_NVIC_SetPriority) for HAL_NVIC_SetPriority
    dma.o(i.MX_DMA_Init) refers to stm32f4xx_hal_cortex.o(i.HAL_NVIC_EnableIRQ) for HAL_NVIC_EnableIRQ
    usart.o(i.HAL_UART_MspDeInit) refers to stm32f4xx_hal_gpio.o(i.HAL_GPIO_DeInit) for HAL_GPIO_DeInit
    usart.o(i.HAL_UART_MspDeInit) refers to stm32f4xx_hal_dma.o(i.HAL_DMA_DeInit) for HAL_DMA_DeInit
    usart.o(i.HAL_UART_MspDeInit) refers to stm32f4xx_hal_cortex.o(i.HAL_NVIC_DisableIRQ) for HAL_NVIC_DisableIRQ
    usart.o(i.HAL_UART_MspInit) refers to memseta.o(.text) for __aeabi_memclr4
    usart.o(i.HAL_UART_MspInit) refers to stm32f4xx_hal_gpio.o(i.HAL_GPIO_Init) for HAL_GPIO_Init
[...]
    Removing stm32f4xx_hal_adc_ex.o(i.HAL_ADCEx_MultiModeStop_DMA), (96 bytes).
    Removing stm32f4xx_hal_rcc.o(.rev16_text), (4 bytes).
    Removing stm32f4xx_hal_rcc.o(.revsh_text), (4 bytes).
    Removing stm32f4xx_hal_rcc.o(.rrx_text), (6 bytes).
    Removing stm32f4xx_hal_rcc.o(i.HAL_RCC_CSSCallback), (2 bytes).
    Removing stm32f4xx_hal_rcc.o(i.HAL_RCC_DeInit), (4 bytes).
    Removing stm32f4xx_hal_rcc.o(i.HAL_RCC_DisableCSS), (12 bytes).
    Removing stm32f4xx_hal_rcc.o(i.HAL_RCC_EnableCSS), (12 bytes).
    Removing stm32f4xx_hal_rcc.o(i.HAL_RCC_GetClockConfig), (64 bytes).
    Removing stm32f4xx_hal_rcc.o(i.HAL_RCC_GetHCLKFreq), (12 bytes).
    Removing stm32f4xx_hal_rcc.o(i.HAL_RCC_GetOscConfig), (180 bytes).
    Removing stm32f4xx_hal_rcc.o(i.HAL_RCC_MCOConfig), (140 bytes).
    Removing stm32f4xx_hal_rcc.o(i.HAL_RCC_NMI_IRQHandler), (28 bytes).
    Removing stm32f4xx_hal_rcc_ex.o(.rev16_text), (4 bytes).
    Removing stm32f4xx_hal_rcc_ex.o(.revsh_text), (4 bytes).
    Removing stm32f4xx_hal_rcc_ex.o(.rrx_text), (6 bytes).
    Removing stm32f4xx_hal_rcc_ex.o(i.HAL_RCCEx_DisablePLLI2S), (52 bytes).
    Removing stm32f4xx_hal_rcc_ex.o(i.HAL_RCCEx_EnablePLLI2S), (104 bytes).
    Removing stm32f4xx_hal_rcc_ex.o(i.HAL_RCCEx_GetPeriphCLKConfig), (52 bytes).
    Removing stm32f4xx_hal_rcc_ex.o(i.HAL_RCCEx_GetPeriphCLKFreq), (96 bytes).
    Removing stm32f4xx_hal_rcc_ex.o(i.HAL_RCCEx_PeriphCLKConfig), (316 bytes).
    Removing stm32f4xx_hal_rcc_ex.o(i.HAL_RCC_DeInit), (308 bytes).
    Removing stm32f4xx_hal_flash.o(.rev16_text), (4 bytes).
    Removing stm32f4xx_hal_flash.o(.revsh_text), (4 bytes).
    Removing stm32f4xx_hal_flash.o(.rrx_text), (6 bytes).
    Removing stm32f4xx_hal_flash.o(i.FLASH_Program_Byte), (32 bytes).
    Removing stm32f4xx_hal_flash.o(i.FLASH_Program_DoubleWord), (44 bytes).
    Removing stm32f4xx_hal_flash.o(i.FLASH_Program_HalfWord), (36 bytes).
    Removing stm32f4xx_hal_flash.o(i.FLASH_Program_Word), (36 bytes).
    Removing stm32f4xx_hal_flash.o(i.FLASH_SetErrorCode), (104 bytes).
    Removing stm32f4xx_hal_flash.o(i.FLASH_WaitForLastOperation), (80 bytes).
    Removing stm32f4xx_hal_flash.o(i.HAL_FLASH_EndOfOperationCallback), (2 bytes).
    Removing stm32f4xx_hal_flash.o(i.HAL_FLASH_GetError), (12 bytes).
    Removing stm32f4xx_hal_flash.o(i.HAL_FLASH_IRQHandler), (200 bytes).
    Removing stm32f4xx_hal_flash.o(i.HAL_FLASH_Lock), (20 bytes).
    Removing stm32f4xx_hal_flash.o(i.HAL_FLASH_OB_Launch), (24 bytes).
    Removing stm32f4xx_hal_flash.o(i.HAL_FLASH_OB_Lock), (20 bytes).
    Removing stm32f4xx_hal_flash.o(i.HAL_FLASH_OB_Unlock), (40 bytes).
    Removing stm32f4xx_hal_flash.o(i.HAL_FLASH_OperationErrorCallback), (2 bytes).
    Removing stm32f4xx_hal_flash.o(i.HAL_FLASH_Program), (124 bytes).
    Removing stm32f4xx_hal_flash.o(i.HAL_FLASH_Program_IT), (92 bytes).
    Removing stm32f4xx_hal_flash.o(i.HAL_FLASH_Unlock), (44 bytes).
    Removing stm32f4xx_hal_flash.o(.bss), (32 bytes).
    Removing stm32f4xx_hal_flash_ex.o(.rev16_text), (4 bytes).
    Removing stm32f4xx_hal_flash_ex.o(.revsh_text), (4 bytes).
    Removing stm32f4xx_hal_flash_ex.o(.rrx_text), (6 bytes).
    Removing stm32f4xx_hal_flash_ex.o(i.FLASH_Erase_Sector), (80 bytes).
    Removing stm32f4xx_hal_flash_ex.o(i.FLASH_FlushCaches), (84 bytes).
    Removing stm32f4xx_hal_flash_ex.o(i.FLASH_MassErase), (40 bytes).
    Removing stm32f4xx_hal_flash_ex.o(i.HAL_FLASHEx_Erase), (152 bytes).
    Removing stm32f4xx_hal_flash_ex.o(i.HAL_FLASHEx_Erase_IT), (92 bytes).
    Removing stm32f4xx_hal_flash_ex.o(i.HAL_FLASHEx_OBGetConfig), (64 bytes).
    Removing stm32f4xx_hal_flash_ex.o(i.HAL_FLASHEx_OBProgram), (204 bytes).
    Removing stm32f4xx_hal_flash_ramfunc.o(.rev16_text), (4 bytes).
    Removing stm32f4xx_hal_flash_ramfunc.o(.revsh_text), (4 bytes).
    Removing stm32f4xx_hal_flash_ramfunc.o(.rrx_text), (6 bytes).
    Removing stm32f4xx_hal_gpio.o(.rev16_text), (4 bytes).
    Removing stm32f4xx_hal_gpio.o(.revsh_text), (4 bytes).
    Removing stm32f4xx_hal_gpio.o(.rrx_text), (6 bytes).
    Removing stm32f4xx_hal_gpio.o(i.HAL_GPIO_DeInit), (360 bytes).
    Removing stm32f4xx_hal_gpio.o(i.HAL_GPIO_EXTI_Callback), (2 bytes).
    Removing stm32f4xx_hal_gpio.o(i.HAL_GPIO_EXTI_IRQHandler), (24 bytes).
    Removing stm32f4xx_hal_gpio.o(i.HAL_GPIO_LockPin), (34 bytes).
    Removing stm32f4xx_hal_gpio.o(i.HAL_GPIO_ReadPin), (10 bytes).
    Removing stm32f4xx_hal_gpio.o(i.HAL_GPIO_TogglePin), (16 bytes).
    Removing stm32f4xx_hal_dma_ex.o(.rev16_text), (4 bytes).
    Removing stm32f4xx_hal_dma_ex.o(.revsh_text), (4 bytes).
    Removing stm32f4xx_hal_dma_ex.o(.rrx_text), (6 bytes).
    Removing stm32f4xx_hal_dma_ex.o(i.DMA_MultiBufferSetConfig), (30 bytes).
    Removing stm32f4xx_hal_dma_ex.o(i.HAL_DMAEx_ChangeMemory), (14 bytes).
    Removing stm32f4xx_hal_dma_ex.o(i.HAL_DMAEx_MultiBufferStart), (100 bytes).
    Removing stm32f4xx_hal_dma_ex.o(i.HAL_DMAEx_MultiBufferStart_IT), (2432 bytes).
    Removing stm32f4xx_hal_dma.o(.rev16_text), (4 bytes).
    Removing stm32f4xx_hal_dma.o(.revsh_text), (4 bytes).
    Removing stm32f4xx_hal_dma.o(.rrx_text), (6 bytes).
    Removing stm32f4xx_hal_dma.o(i.HAL_DMA_DeInit), (98 bytes).
    Removing stm32f4xx_hal_dma.o(i.HAL_DMA_GetError), (4 bytes).
    Removing stm32f4xx_hal_dma.o(i.HAL_DMA_GetState), (6 bytes).
    Removing stm32f4xx_hal_dma.o(i.HAL_DMA_PollForTransfer), (288 bytes).
    Removing stm32f4xx_hal_dma.o(i.HAL_DMA_RegisterCallback), (82 bytes).
    Removing stm32f4xx_hal_dma.o(i.HAL_DMA_Start), (70 bytes).
    Removing stm32f4xx_hal_dma.o(i.HAL_DMA_UnRegisterCallback), (96 bytes).
    Removing stm32f4xx_hal_pwr.o(.rev16_text), (4 bytes).
    Removing stm32f4xx_hal_pwr.o(.revsh_text), (4 bytes).
    Removing stm32f4xx_hal_pwr.o(.rrx_text), (6 bytes).
    Removing stm32f4xx_hal_pwr.o(i.HAL_PWR_ConfigPVD), (124 bytes).
    Removing stm32f4xx_hal_pwr.o(i.HAL_PWR_DeInit), (24 bytes).
    Removing stm32f4xx_hal_pwr.o(i.HAL_PWR_DisableBkUpAccess), (24 bytes).
    Removing stm32f4xx_hal_pwr.o(i.HAL_PWR_DisablePVD), (12 bytes).
    Removing stm32f4xx_hal_pwr.o(i.HAL_PWR_DisableSEVOnPend), (16 bytes).
    Removing stm32f4xx_hal_pwr.o(i.HAL_PWR_DisableSleepOnExit), (16 bytes).
    Removing stm32f4xx_hal_pwr.o(i.HAL_PWR_DisableWakeUpPin), (16 bytes).
    Removing stm32f4xx_hal_pwr.o(i.HAL_PWR_EnableBkUpAccess), (24 bytes).
    Removing stm32f4xx_hal_pwr.o(i.HAL_PWR_EnablePVD), (12 bytes).
    Removing stm32f4xx_hal_pwr.o(i.HAL_PWR_EnableSEVOnPend), (16 bytes).
    Removing stm32f4xx_hal_pwr.o(i.HAL_PWR_EnableSleepOnExit), (16 bytes).
    Removing stm32f4xx_hal_pwr.o(i.HAL_PWR_EnableWakeUpPin), (16 bytes).
    Removing stm32f4xx_hal_pwr.o(i.HAL_PWR_EnterSLEEPMode), (36 bytes).
    Removing stm32f4xx_hal_pwr.o(i.HAL_PWR_EnterSTANDBYMode), (32 bytes).
    Removing stm32f4xx_hal_pwr.o(i.HAL_PWR_EnterSTOPMode), (60 bytes).
    Removing stm32f4xx_hal_pwr.o(i.HAL_PWR_PVDCallback), (2 bytes).
    Removing stm32f4xx_hal_pwr.o(i.HAL_PWR_PVD_IRQHandler), (28 bytes).
    Removing stm32f4xx_hal_pwr_ex.o(.rev16_text), (4 bytes).
    Removing stm32f4xx_hal_pwr_ex.o(.revsh_text), (4 bytes).
    Removing stm32f4xx_hal_pwr_ex.o(.rrx_text), (6 bytes).
    Removing stm32f4xx_hal_pwr_ex.o(i.HAL_PWREx_ControlVoltageScaling), (88 bytes).
    Removing stm32f4xx_hal_pwr_ex.o(i.HAL_PWREx_DisableBkUpReg), (60 bytes).
    Removing stm32f4xx_hal_pwr_ex.o(i.HAL_PWREx_DisableFlashPowerDown), (12 bytes).
    Removing stm32f4xx_hal_pwr_ex.o(i.HAL_PWREx_EnableBkUpReg), (60 bytes).
    Removing stm32f4xx_hal_pwr_ex.o(i.HAL_PWREx_EnableFlashPowerDown), (12 bytes).
    Removing stm32f4xx_hal_pwr_ex.o(i.HAL_PWREx_GetVoltageRange), (16 bytes).
    Removing stm32f4xx_hal_cortex.o(.rev16_text), (4 bytes).
    Removing stm32f4xx_hal_cortex.o(.revsh_text), (4 bytes).
    Removing stm32f4xx_hal_cortex.o(.rrx_text), (6 bytes).
    Removing stm32f4xx_hal_cortex.o(i.HAL_CORTEX_ClearEvent), (6 bytes).
    Removing stm32f4xx_hal_cortex.o(i.HAL_MPU_ConfigRegion), (84 bytes).
    Removing stm32f4xx_hal_cortex.o(i.HAL_MPU_Disable), (28 bytes).
    Removing stm32f4xx_hal_cortex.o(i.HAL_MPU_DisableRegion), (24 bytes).
    Removing stm32f4xx_hal_cortex.o(i.HAL_MPU_Enable), (36 bytes).
    Removing stm32f4xx_hal_cortex.o(i.HAL_MPU_EnableRegion), (24 bytes).
    Removing stm32f4xx_hal_cortex.o(i.HAL_NVIC_ClearPendingIRQ), (26 bytes).
    Removing stm32f4xx_hal_cortex.o(i.HAL_NVIC_DisableIRQ), (34 bytes).
    Removing stm32f4xx_hal_cortex.o(i.HAL_NVIC_GetActive), (36 bytes).
    Removing stm32f4xx_hal_cortex.o(i.HAL_NVIC_GetPendingIRQ), (36 bytes).
    Removing stm32f4xx_hal_cortex.o(i.HAL_NVIC_GetPriority), (82 bytes).
    Removing stm32f4xx_hal_cortex.o(i.HAL_NVIC_GetPriorityGrouping), (16 bytes).
    Removing stm32f4xx_hal_cortex.o(i.HAL_NVIC_SetPendingIRQ), (26 bytes).
    Removing stm32f4xx_hal_cortex.o(i.HAL_NVIC_SystemReset), (36 bytes).
    Removing stm32f4xx_hal_cortex.o(i.HAL_SYSTICK_CLKSourceConfig), (24 bytes).
    Removing stm32f4xx_hal_cortex.o(i.HAL_SYSTICK_Callback), (2 bytes).
    Removing stm32f4xx_hal_cortex.o(i.HAL_SYSTICK_IRQHandler), (8 bytes).
    Removing stm32f4xx_hal.o(.rev16_text), (4 bytes).
    Removing stm32f4xx_hal.o(.revsh_text), (4 bytes).
    Removing stm32f4xx_hal.o(.rrx_text), (6 bytes).
    Removing stm32f4xx_hal.o(i.HAL_DBGMCU_DisableDBGSleepMode), (16 bytes).
    Removing stm32f4xx_hal.o(i.HAL_DBGMCU_DisableDBGStandbyMode), (16 bytes).
    Removing stm32f4xx_hal.o(i.HAL_DBGMCU_DisableDBGStopMode), (16 bytes).
    Removing stm32f4xx_hal.o(i.HAL_DBGMCU_EnableDBGSleepMode), (16 bytes).
    Removing stm32f4xx_hal.o(i.HAL_DBGMCU_EnableDBGStandbyMode), (16 bytes).
    Removing stm32f4xx_hal.o(i.HAL_DBGMCU_EnableDBGStopMode), (16 bytes).
    Removing stm32f4xx_hal.o(i.HAL_DeInit), (72 bytes).
    Removing stm32f4xx_hal.o(i.HAL_Delay), (36 bytes).
    Removing stm32f4xx_hal.o(i.HAL_DisableCompensationCell), (12 bytes).
    Removing stm32f4xx_hal.o(i.HAL_EnableCompensationCell), (12 bytes).
    Removing stm32f4xx_hal.o(i.HAL_GetDEVID), (16 bytes).
    Removing stm32f4xx_hal.o(i.HAL_GetHalVersion), (8 bytes).
    Removing stm32f4xx_hal.o(i.HAL_GetREVID), (12 bytes).
    Removing stm32f4xx_hal.o(i.HAL_GetTickFreq), (12 bytes).
    Removing stm32f4xx_hal.o(i.HAL_GetTickPrio), (12 bytes).
    Removing stm32f4xx_hal.o(i.HAL_GetUIDw0), (12 bytes).
    Removing stm32f4xx_hal.o(i.HAL_GetUIDw1), (12 bytes).
    Removing stm32f4xx_hal.o(i.HAL_GetUIDw2), (12 bytes).
    Removing stm32f4xx_hal.o(i.HAL_MspDeInit), (2 bytes).
    Removing stm32f4xx_hal.o(i.HAL_MspInit), (2 bytes).
    Removing stm32f4xx_hal.o(i.HAL_ResumeTick), (14 bytes).
    Removing stm32f4xx_hal.o(i.HAL_SetTickFreq), (36 bytes).
    Removing stm32f4xx_hal.o(i.HAL_SuspendTick), (14 bytes).
    Removing stm32f4xx_hal_exti.o(.rev16_text), (4 bytes).
    Removing stm32f4xx_hal_exti.o(.revsh_text), (4 bytes).
    Removing stm32f4xx_hal_exti.o(.rrx_text), (6 bytes).
    Removing stm32f4xx_hal_exti.o(i.HAL_EXTI_ClearConfigLine), (108 bytes).
    Removing stm32f4xx_hal_exti.o(i.HAL_EXTI_ClearPending), (20 bytes).
    Removing stm32f4xx_hal_exti.o(i.HAL_EXTI_GenerateSWI), (20 bytes).
    Removing stm32f4xx_hal_exti.o(i.HAL_EXTI_GetConfigLine), (144 bytes).
    Removing stm32f4xx_hal_exti.o(i.HAL_EXTI_GetHandle), (12 bytes).
    Removing stm32f4xx_hal_exti.o(i.HAL_EXTI_GetPending), (24 bytes).
    Removing stm32f4xx_hal_exti.o(i.HAL_EXTI_IRQHandler), (36 bytes).
    Removing stm32f4xx_hal_exti.o(i.HAL_EXTI_RegisterCallback), (14 bytes).
    Removing stm32f4xx_hal_exti.o(i.HAL_EXTI_SetConfigLine), (168 bytes).
    Removing stm32f4xx_hal_tim.o(.rev16_text), (4 bytes).
    Removing stm32f4xx_hal_tim.o(.revsh_text), (4 bytes).
    Removing stm32f4xx_hal_tim.o(.rrx_text), (6 bytes).
    Removing stm32f4xx_hal_tim_ex.o(.rev16_text), (4 bytes).
    Removing stm32f4xx_hal_tim_ex.o(.revsh_text), (4 bytes).
    Removing stm32f4xx_hal_tim_ex.o(.rrx_text), (6 bytes).
    Removing stm32f4xx_hal_uart.o(.rev16_text), (4 bytes).
    Removing stm32f4xx_hal_uart.o(.revsh_text), (4 bytes).
    Removing stm32f4xx_hal_uart.o(.rrx_text), (6 bytes).
    Removing stm32f4xx_hal_uart.o(i.HAL_HalfDuplex_EnableReceiver), (50 bytes).
    Removing stm32f4xx_hal_uart.o(i.HAL_HalfDuplex_EnableTransmitter), (50 bytes).
    Removing stm32f4xx_hal_uart.o(i.HAL_HalfDuplex_Init), (110 bytes).
    Removing stm32f4xx_hal_uart.o(i.HAL_LIN_Init), (130 bytes).
    Removing stm32f4xx_hal_uart.o(i.HAL_LIN_SendBreak), (60 bytes).
    Removing stm32f4xx_hal_uart.o(i.HAL_MultiProcessor_EnterMuteMode), (62 bytes).
    Removing stm32f4xx_hal_uart.o(i.HAL_MultiProcessor_ExitMuteMode), (62 bytes).
    Removing stm32f4xx_hal_uart.o(i.HAL_MultiProcessor_Init), (144 bytes).
    Removing stm32f4xx_hal_uart.o(i.HAL_UARTEx_GetRxEventType), (4 bytes).
    Removing stm32f4xx_hal_uart.o(i.HAL_UARTEx_ReceiveToIdle), (240 bytes).
    Removing stm32f4xx_hal_uart.o(i.HAL_UARTEx_ReceiveToIdle_IT), (78 bytes).
    Removing stm32f4xx_hal_uart.o(i.HAL_UARTEx_RxEventCallback), (2 bytes).
    Removing stm32f4xx_hal_uart.o(i.HAL_UART_Abort), (210 bytes).
    Removing stm32f4xx_hal_uart.o(i.HAL_UART_AbortCpltCallback), (2 bytes).
    Removing stm32f4xx_hal_uart.o(i.HAL_UART_AbortReceive), (148 bytes).
    Removing stm32f4xx_hal_uart.o(i.HAL_UART_AbortReceiveCpltCallback), (2 bytes).
    Removing stm32f4xx_hal_uart.o(i.HAL_UART_AbortReceive_IT), (152 bytes).
    Removing stm32f4xx_hal_uart.o(i.HAL_UART_AbortTransmit), (98 bytes).
    Removing stm32f4xx_hal_uart.o(i.HAL_UART_AbortTransmitCpltCallback), (2 bytes).
    Removing stm32f4xx_hal_uart.o(i.HAL_UART_AbortTransmit_IT), (104 bytes).
    Removing stm32f4xx_hal_uart.o(i.HAL_UART_Abort_IT), (244 bytes).
    Removing stm32f4xx_hal_uart.o(i.HAL_UART_DMAPause), (120 bytes).
    Removing stm32f4xx_hal_uart.o(i.HAL_UART_DMAResume), (114 bytes).
    Removing stm32f4xx_hal_uart.o(i.HAL_UART_DeInit), (54 bytes).
    Removing stm32f4xx_hal_uart.o(i.HAL_UART_GetError), (4 bytes).
    Removing stm32f4xx_hal_uart.o(i.HAL_UART_GetState), (10 bytes).
    Removing stm32f4xx_hal_uart.o(i.HAL_UART_MspDeInit), (2 bytes).
    Removing stm32f4xx_hal_uart.o(i.HAL_UART_MspInit), (2 bytes).
    Removing stm32f4xx_hal_uart.o(i.HAL_UART_Receive), (176 bytes).
    Removing stm32f4xx_hal_uart.o(i.HAL_UART_Receive_DMA), (28 bytes).
    Removing stm32f4xx_hal_uart.o(i.HAL_UART_Receive_IT), (28 bytes).
    Removing stm32f4xx_hal_uart.o(i.HAL_UART_Transmit_DMA), (132 bytes).
    Removing stm32f4xx_hal_uart.o(i.HAL_UART_Transmit_IT), (50 bytes).
    Removing stm32f4xx_hal_uart.o(i.HAL_UART_TxHalfCpltCallback), (2 bytes).
    Removing stm32f4xx_hal_uart.o(i.UART_DMARxAbortCallback), (44 bytes).
    Removing stm32f4xx_hal_uart.o(i.UART_DMARxOnlyAbortCallback), (22 bytes).
    Removing stm32f4xx_hal_uart.o(i.UART_DMATransmitCplt), (66 bytes).
    Removing stm32f4xx_hal_uart.o(i.UART_DMATxAbortCallback), (44 bytes).
    Removing stm32f4xx_hal_uart.o(i.UART_DMATxHalfCplt), (10 bytes).
    Removing stm32f4xx_hal_uart.o(i.UART_DMATxOnlyAbortCallback), (20 bytes).
    Removing stm32f4xx_hal_uart.o(i.UART_Start_Receive_IT), (54 bytes).
    Removing system_stm32f4xx.o(.rev16_text), (4 bytes).
    Removing system_stm32f4xx.o(.revsh_text), (4 bytes).
    Removing system_stm32f4xx.o(.rrx_text), (6 bytes).
    Removing system_stm32f4xx.o(i.SystemCoreClockUpdate), (120 bytes).
    Removing ringbuffer.o(i.rt_ringbuffer_getchar), (74 bytes).
    Removing ringbuffer.o(i.rt_ringbuffer_peek), (78 bytes).
    Removing ringbuffer.o(i.rt_ringbuffer_put_force), (170 bytes).
    Removing ringbuffer.o(i.rt_ringbuffer_putchar), (80 bytes).
    Removing ringbuffer.o(i.rt_ringbuffer_putchar_force), (102 bytes).
    Removing ringbuffer.o(i.rt_ringbuffer_reset), (16 bytes).
    Removing scheduler.o(.rev16_text), (4 bytes).
    Removing scheduler.o(.revsh_text), (4 bytes).
    Removing scheduler.o(.rrx_text), (6 bytes).
    Removing adc_app.o(.rev16_text), (4 bytes).
    Removing adc_app.o(.revsh_text), (4 bytes).
    Removing adc_app.o(.rrx_text), (6 bytes).
    Removing adc_app.o(i.Generate_Sine_Wave), (132 bytes).
    Removing adc_app.o(i.adc_task), (144 bytes).
    Removing adc_app.o(.bss), (200 bytes).
    Removing adc_app.o(.data), (8 bytes).
    Removing usart_app.o(.rev16_text), (4 bytes).
    Removing usart_app.o(.revsh_text), (4 bytes).
    Removing usart_app.o(.rrx_text), (6 bytes).
    Removing mq2_app.o(.rev16_text), (4 bytes).
    Removing mq2_app.o(.revsh_text), (4 bytes).
    Removing mq2_app.o(.rrx_text), (6 bytes).

302 unused section(s) (total 17102 bytes) removed from the image.

==============================================================================

Image Symbol Table

    Local Symbols

    Symbol Name                              Value     Ov Type        Size  Object(Section)

    ../Core/Src/adc.c                        0x00000000   Number         0  adc.o ABSOLUTE
    ../Core/Src/dma.c                        0x00000000   Number         0  dma.o ABSOLUTE
    ../Core/Src/gpio.c                       0x00000000   Number         0  gpio.o ABSOLUTE
    ../Core/Src/main.c                       0x00000000   Number         0  main.o ABSOLUTE
    ../Core/Src/stm32f4xx_hal_msp.c          0x00000000   Number         0  stm32f4xx_hal_msp.o ABSOLUTE
    ../Core/Src/stm32f4xx_it.c               0x00000000   Number         0  stm32f4xx_it.o ABSOLUTE
    ../Core/Src/system_stm32f4xx.c           0x00000000   Number         0  system_stm32f4xx.o ABSOLUTE
    ../Core/Src/usart.c                      0x00000000   Number         0  usart.o ABSOLUTE
    ../Drivers/STM32F4xx_HAL_Driver/Src/stm32f4xx_hal.c 0x00000000   Number         0  stm32f4xx_hal.o ABSOLUTE
    ../Drivers/STM32F4xx_HAL_Driver/Src/stm32f4xx_hal_adc.c 0x00000000   Number         0  stm32f4xx_hal_adc.o ABSOLUTE
    ../Drivers/STM32F4xx_HAL_Driver/Src/stm32f4xx_hal_adc_ex.c 0x00000000   Number         0  stm32f4xx_hal_adc_ex.o ABSOLUTE
    ../Drivers/STM32F4xx_HAL_Driver/Src/stm32f4xx_hal_cortex.c 0x00000000   Number         0  stm32f4xx_hal_cortex.o ABSOLUTE
    ../Drivers/STM32F4xx_HAL_Driver/Src/stm32f4xx_hal_dma.c 0x00000000   Number         0  stm32f4xx_hal_dma.o ABSOLUTE
    ../Drivers/STM32F4xx_HAL_Driver/Src/stm32f4xx_hal_dma_ex.c 0x00000000   Number         0  stm32f4xx_hal_dma_ex.o ABSOLUTE
    ../Drivers/STM32F4xx_HAL_Driver/Src/stm32f4xx_hal_exti.c 0x00000000   Number         0  stm32f4xx_hal_exti.o ABSOLUTE
    ../Drivers/STM32F4xx_HAL_Driver/Src/stm32f4xx_hal_flash.c 0x00000000   Number         0  stm32f4xx_hal_flash.o ABSOLUTE
    ../Drivers/STM32F4xx_HAL_Driver/Src/stm32f4xx_hal_flash_ex.c 0x00000000   Number         0  stm32f4xx_hal_flash_ex.o ABSOLUTE
    ../Drivers/STM32F4xx_HAL_Driver/Src/stm32f4xx_hal_flash_ramfunc.c 0x00000000   Number         0  stm32f4xx_hal_flash_ramfunc.o ABSOLUTE
    ../Drivers/STM32F4xx_HAL_Driver/Src/stm32f4xx_hal_gpio.c 0x00000000   Number         0  stm32f4xx_hal_gpio.o ABSOLUTE
    ../Drivers/STM32F4xx_HAL_Driver/Src/stm32f4xx_hal_pwr.c 0x00000000   Number         0  stm32f4xx_hal_pwr.o ABSOLUTE
    ../Drivers/STM32F4xx_HAL_Driver/Src/stm32f4xx_hal_pwr_ex.c 0x00000000   Number         0  stm32f4xx_hal_pwr_ex.o ABSOLUTE
    ../Drivers/STM32F4xx_HAL_Driver/Src/stm32f4xx_hal_rcc.c 0x00000000   Number         0  stm32f4xx_hal_rcc.o ABSOLUTE
    ../Drivers/STM32F4xx_HAL_Driver/Src/stm32f4xx_hal_rcc_ex.c 0x00000000   Number         0  stm32f4xx_hal_rcc_ex.o ABSOLUTE
    ../Drivers/STM32F4xx_HAL_Driver/Src/stm32f4xx_hal_tim.c 0x00000000   Number         0  stm32f4xx_hal_tim.o ABSOLUTE
    ../Drivers/STM32F4xx_HAL_Driver/Src/stm32f4xx_hal_tim_ex.c 0x00000000   Number         0  stm32f4xx_hal_tim_ex.o ABSOLUTE
    ../Drivers/STM32F4xx_HAL_Driver/Src/stm32f4xx_hal_uart.c 0x00000000   Number         0  stm32f4xx_hal_uart.o ABSOLUTE
    ../Drivers/STM32F4xx_HAL_Driver/Src/stm32f4xx_ll_adc.c 0x00000000   Number         0  stm32f4xx_ll_adc.o ABSOLUTE
    ../clib/microlib/division.c              0x00000000   Number         0  uidiv.o ABSOLUTE
    ../clib/microlib/division.c              0x00000000   Number         0  uldiv.o ABSOLUTE
    ../clib/microlib/errno.c                 0x00000000   Number         0  errno.o ABSOLUTE
    ../clib/microlib/init/entry.s            0x00000000   Number         0  entry.o ABSOLUTE
    ../clib/microlib/init/entry.s            0x00000000   Number         0  entry12b.o ABSOLUTE
    ../clib/microlib/init/entry.s            0x00000000   Number         0  entry10a.o ABSOLUTE
    ../clib/microlib/init/entry.s            0x00000000   Number         0  entry12a.o ABSOLUTE
    ../clib/microlib/init/entry.s            0x00000000   Number         0  entry11b.o ABSOLUTE
    ../clib/microlib/init/entry.s            0x00000000   Number         0  entry11a.o ABSOLUTE
    ../clib/microlib/init/entry.s            0x00000000   Number         0  entry10b.o ABSOLUTE
    ../clib/microlib/init/entry.s            0x00000000   Number         0  entry8b.o ABSOLUTE
    ../clib/microlib/init/entry.s            0x00000000   Number         0  entry9b.o ABSOLUTE
    ../clib/microlib/init/entry.s            0x00000000   Number         0  entry9a.o ABSOLUTE
    ../clib/microlib/init/entry.s            0x00000000   Number         0  entry8a.o ABSOLUTE
    ../clib/microlib/init/entry.s            0x00000000   Number         0  entry7b.o ABSOLUTE
    ../clib/microlib/init/entry.s            0x00000000   Number         0  entry7a.o ABSOLUTE
    ../clib/microlib/init/entry.s            0x00000000   Number         0  entry5.o ABSOLUTE
    ../clib/microlib/init/entry.s            0x00000000   Number         0  entry2.o ABSOLUTE
    ../clib/microlib/longlong.c              0x00000000   Number         0  llushr.o ABSOLUTE
    ../clib/microlib/longlong.c              0x00000000   Number         0  llshl.o ABSOLUTE
    ../clib/microlib/longlong.c              0x00000000   Number         0  llsshr.o ABSOLUTE
    ../clib/microlib/printf/printf.c         0x00000000   Number         0  printfa.o ABSOLUTE
    ../clib/microlib/stdio/fputc.c           0x00000000   Number         0  fputc.o ABSOLUTE
    ../clib/microlib/stdio/semi.s            0x00000000   Number         0  semi.o ABSOLUTE
    ../clib/microlib/stdio/streams.c         0x00000000   Number         0  stdout.o ABSOLUTE
    ../clib/microlib/stdlib/abort.c          0x00000000   Number         0  abort.o ABSOLUTE
    ../clib/microlib/string/memcpy.c         0x00000000   Number         0  memcpya.o ABSOLUTE
    ../clib/microlib/string/memcpy.c         0x00000000   Number         0  memcpyb.o ABSOLUTE
    ../clib/microlib/string/memset.c         0x00000000   Number         0  memseta.o ABSOLUTE
    ../clib/microlib/stubs.s                 0x00000000   Number         0  iusefp.o ABSOLUTE
    ../clib/microlib/stubs.s                 0x00000000   Number         0  iusesemip.o ABSOLUTE
    ../fplib/microlib/f2d.c                  0x00000000   Number         0  f2d.o ABSOLUTE
    ../fplib/microlib/fpadd.c                0x00000000   Number         0  dadd.o ABSOLUTE
    ../fplib/microlib/fpdiv.c                0x00000000   Number         0  ddiv.o ABSOLUTE
    ../fplib/microlib/fpepilogue.c           0x00000000   Number         0  depilogue.o ABSOLUTE
    ../fplib/microlib/fpfix.c                0x00000000   Number         0  dfixul.o ABSOLUTE
    ../fplib/microlib/fpmul.c                0x00000000   Number         0  dmul.o ABSOLUTE
    ../mathlib/fpclassifyf.c                 0x00000000   Number         0  fpclassifyf.o ABSOLUTE
    ../mathlib/funder.c                      0x00000000   Number         0  funder.o ABSOLUTE
    ../mathlib/rredf.c                       0x00000000   Number         0  rredf.o ABSOLUTE
    ../mathlib/sinf.c                        0x00000000   Number         0  sinf_x.o ABSOLUTE
    ../mathlib/sinf.c                        0x00000000   Number         0  sinf.o ABSOLUTE
    ..\Components\ringbuffer\ringbuffer.c    0x00000000   Number         0  ringbuffer.o ABSOLUTE
    ..\Core\Src\adc.c                        0x00000000   Number         0  adc.o ABSOLUTE
    ..\Core\Src\dma.c                        0x00000000   Number         0  dma.o ABSOLUTE
    ..\Core\Src\gpio.c                       0x00000000   Number         0  gpio.o ABSOLUTE
    ..\Core\Src\main.c                       0x00000000   Number         0  main.o ABSOLUTE
    ..\Core\Src\stm32f4xx_hal_msp.c          0x00000000   Number         0  stm32f4xx_hal_msp.o ABSOLUTE
    ..\Core\Src\stm32f4xx_it.c               0x00000000   Number         0  stm32f4xx_it.o ABSOLUTE
    ..\Core\Src\system_stm32f4xx.c           0x00000000   Number         0  system_stm32f4xx.o ABSOLUTE
    ..\Core\Src\usart.c                      0x00000000   Number         0  usart.o ABSOLUTE
    ..\Drivers\STM32F4xx_HAL_Driver\Src\stm32f4xx_hal.c 0x00000000   Number         0  stm32f4xx_hal.o ABSOLUTE
    ..\Drivers\STM32F4xx_HAL_Driver\Src\stm32f4xx_hal_adc.c 0x00000000   Number         0  stm32f4xx_hal_adc.o ABSOLUTE
    ..\Drivers\STM32F4xx_HAL_Driver\Src\stm32f4xx_hal_adc_ex.c 0x00000000   Number         0  stm32f4xx_hal_adc_ex.o ABSOLUTE
    ..\Drivers\STM32F4xx_HAL_Driver\Src\stm32f4xx_hal_cortex.c 0x00000000   Number         0  stm32f4xx_hal_cortex.o ABSOLUTE
    ..\Drivers\STM32F4xx_HAL_Driver\Src\stm32f4xx_hal_dma.c 0x00000000   Number         0  stm32f4xx_hal_dma.o ABSOLUTE
    ..\Drivers\STM32F4xx_HAL_Driver\Src\stm32f4xx_hal_dma_ex.c 0x00000000   Number         0  stm32f4xx_hal_dma_ex.o ABSOLUTE
    ..\Drivers\STM32F4xx_HAL_Driver\Src\stm32f4xx_hal_exti.c 0x00000000   Number         0  stm32f4xx_hal_exti.o ABSOLUTE
    ..\Drivers\STM32F4xx_HAL_Driver\Src\stm32f4xx_hal_flash.c 0x00000000   Number         0  stm32f4xx_hal_flash.o ABSOLUTE
    ..\Drivers\STM32F4xx_HAL_Driver\Src\stm32f4xx_hal_flash_ex.c 0x00000000   Number         0  stm32f4xx_hal_flash_ex.o ABSOLUTE
    ..\Drivers\STM32F4xx_HAL_Driver\Src\stm32f4xx_hal_flash_ramfunc.c 0x00000000   Number         0  stm32f4xx_hal_flash_ramfunc.o ABSOLUTE
    ..\Drivers\STM32F4xx_HAL_Driver\Src\stm32f4xx_hal_gpio.c 0x00000000   Number         0  stm32f4xx_hal_gpio.o ABSOLUTE
    ..\Drivers\STM32F4xx_HAL_Driver\Src\stm32f4xx_hal_pwr.c 0x00000000   Number         0  stm32f4xx_hal_pwr.o ABSOLUTE
    ..\Drivers\STM32F4xx_HAL_Driver\Src\stm32f4xx_hal_pwr_ex.c 0x00000000   Number         0  stm32f4xx_hal_pwr_ex.o ABSOLUTE
    ..\Drivers\STM32F4xx_HAL_Driver\Src\stm32f4xx_hal_rcc.c 0x00000000   Number         0  stm32f4xx_hal_rcc.o ABSOLUTE
    ..\Drivers\STM32F4xx_HAL_Driver\Src\stm32f4xx_hal_rcc_ex.c 0x00000000   Number         0  stm32f4xx_hal_rcc_ex.o ABSOLUTE
    ..\Drivers\STM32F4xx_HAL_Driver\Src\stm32f4xx_hal_tim.c 0x00000000   Number         0  stm32f4xx_hal_tim.o ABSOLUTE
    ..\Drivers\STM32F4xx_HAL_Driver\Src\stm32f4xx_hal_tim_ex.c 0x00000000   Number         0  stm32f4xx_hal_tim_ex.o ABSOLUTE
    ..\Drivers\STM32F4xx_HAL_Driver\Src\stm32f4xx_hal_uart.c 0x00000000   Number         0  stm32f4xx_hal_uart.o ABSOLUTE
    ..\\app\\adc_app.c                       0x00000000   Number         0  adc_app.o ABSOLUTE
    ..\\app\\mq2_app.c                       0x00000000   Number         0  mq2_app.o ABSOLUTE
    ..\\app\\scheduler.c                     0x00000000   Number         0  scheduler.o ABSOLUTE
    ..\\app\\usart_app.c                     0x00000000   Number         0  usart_app.o ABSOLUTE
    ..\app\adc_app.c                         0x00000000   Number         0  adc_app.o ABSOLUTE
    ..\app\mq2_app.c                         0x00000000   Number         0  mq2_app.o ABSOLUTE
    ..\app\scheduler.c                       0x00000000   Number         0  scheduler.o ABSOLUTE
    ..\app\usart_app.c                       0x00000000   Number         0  usart_app.o ABSOLUTE
    cdrcmple.s                               0x00000000   Number         0  cdrcmple.o ABSOLUTE
    dc.s                                     0x00000000   Number         0  dc.o ABSOLUTE
    handlers.s                               0x00000000   Number         0  handlers.o ABSOLUTE
    init.s                                   0x00000000   Number         0  init.o ABSOLUTE
    startup_stm32f407xx.s                    0x00000000   Number         0  startup_stm32f407xx.o ABSOLUTE
    RESET                                    0x08000000   Section      392  startup_stm32f407xx.o(RESET)
    .ARM.Collect$$$$00000000                 0x08000188   Section        0  entry.o(.ARM.Collect$$$$00000000)
    .ARM.Collect$$$$00000001                 0x08000188   Section        4  entry2.o(.ARM.Collect$$$$00000001)
    .ARM.Collect$$$$00000004                 0x0800018c   Section        4  entry5.o(.ARM.Collect$$$$00000004)
    .ARM.Collect$$$$00000008                 0x08000190   Section        0  entry7b.o(.ARM.Collect$$$$00000008)
    .ARM.Collect$$$$0000000A                 0x08000190   Section        0  entry8b.o(.ARM.Collect$$$$0000000A)
    .ARM.Collect$$$$0000000B                 0x08000190   Section        8  entry9a.o(.ARM.Collect$$$$0000000B)
    .ARM.Collect$$$$0000000E                 0x08000198   Section        4  entry12b.o(.ARM.Collect$$$$0000000E)
    .ARM.Collect$$$$0000000F                 0x0800019c   Section        0  entry10a.o(.ARM.Collect$$$$0000000F)
    .ARM.Collect$$$$00000011                 0x0800019c   Section        0  entry11a.o(.ARM.Collect$$$$00000011)
    .ARM.Collect$$$$00002712                 0x0800019c   Section        4  entry2.o(.ARM.Collect$$$$00002712)
    __lit__00000000                          0x0800019c   Data           4  entry2.o(.ARM.Collect$$$$00002712)
    .text                                    0x080001a0   Section       36  startup_stm32f407xx.o(.text)
    $v0                                      0x080001a0   Number         0  startup_stm32f407xx.o(.text)
    .text                                    0x080001c4   Section        0  uldiv.o(.text)
    .text                                    0x08000226   Section        0  memcpya.o(.text)
    .text                                    0x0800024a   Section        0  memseta.o(.text)
    .text                                    0x0800026e   Section        0  f2d.o(.text)
    .text                                    0x08000294   Section        0  uidiv.o(.text)
    .text                                    0x080002c0   Section        0  llshl.o(.text)
    .text                                    0x080002de   Section        0  llushr.o(.text)
    .text                                    0x080002fe   Section        0  dadd.o(.text)
    .text                                    0x080002fe   Section        0  iusefp.o(.text)
    .text                                    0x0800044c   Section        0  dmul.o(.text)
    .text                                    0x08000530   Section        0  ddiv.o(.text)
    .text                                    0x0800060e   Section        0  dfixul.o(.text)
    .text                                    0x08000640   Section       48  cdrcmple.o(.text)
    .text                                    0x08000670   Section       36  init.o(.text)
    .text                                    0x08000694   Section        0  llsshr.o(.text)
    .text                                    0x080006b8   Section        0  depilogue.o(.text)
    i.ADC_DMAConvCplt                        0x08000772   Section        0  stm32f4xx_hal_adc.o(i.ADC_DMAConvCplt)
    ADC_DMAConvCplt                          0x08000773   Thumb Code   110  stm32f4xx_hal_adc.o(i.ADC_DMAConvCplt)
    i.ADC_DMAError                           0x080007e0   Section        0  stm32f4xx_hal_adc.o(i.ADC_DMAError)
    ADC_DMAError                             0x080007e1   Thumb Code    22  stm32f4xx_hal_adc.o(i.ADC_DMAError)
    i.ADC_DMAHalfConvCplt                    0x080007f6   Section        0  stm32f4xx_hal_adc.o(i.ADC_DMAHalfConvCplt)
    ADC_DMAHalfConvCplt                      0x080007f7   Thumb Code    10  stm32f4xx_hal_adc.o(i.ADC_DMAHalfConvCplt)
    i.ADC_IRQHandler                         0x08000800   Section        0  stm32f4xx_it.o(i.ADC_IRQHandler)
    i.ADC_Init                               0x0800080c   Section        0  stm32f4xx_hal_adc.o(i.ADC_Init)
    ADC_Init                                 0x0800080d   Thumb Code   284  stm32f4xx_hal_adc.o(i.ADC_Init)
    i.BusFault_Handler                       0x08000934   Section        0  stm32f4xx_it.o(i.BusFault_Handler)
    i.DMA2_Stream0_IRQHandler                0x08000938   Section        0  stm32f4xx_it.o(i.DMA2_Stream0_IRQHandler)
    i.DMA2_Stream2_IRQHandler                0x08000944   Section        0  stm32f4xx_it.o(i.DMA2_Stream2_IRQHandler)
    i.DMA_CalcBaseAndBitshift                0x08000950   Section        0  stm32f4xx_hal_dma.o(i.DMA_CalcBaseAndBitshift)
    DMA_CalcBaseAndBitshift                  0x08000951   Thumb Code    34  stm32f4xx_hal_dma.o(i.DMA_CalcBaseAndBitshift)
    i.DMA_CheckFifoParam                     0x08000978   Section        0  stm32f4xx_hal_dma.o(i.DMA_CheckFifoParam)
    DMA_CheckFifoParam                       0x08000979   Thumb Code    84  stm32f4xx_hal_dma.o(i.DMA_CheckFifoParam)
    i.DMA_SetConfig                          0x080009cc   Section        0  stm32f4xx_hal_dma.o(i.DMA_SetConfig)
    DMA_SetConfig                            0x080009cd   Thumb Code    40  stm32f4xx_hal_dma.o(i.DMA_SetConfig)
    i.DebugMon_Handler                       0x080009f4   Section        0  stm32f4xx_it.o(i.DebugMon_Handler)
    i.Error_Handler                          0x080009f6   Section        0  main.o(i.Error_Handler)
    i.HAL_ADCEx_InjectedConvCpltCallback     0x080009fa   Section        0  stm32f4xx_hal_adc_ex.o(i.HAL_ADCEx_InjectedConvCpltCallback)
    i.HAL_ADC_ConfigChannel                  0x080009fc   Section        0  stm32f4xx_hal_adc.o(i.HAL_ADC_ConfigChannel)
    i.HAL_ADC_ConvCpltCallback               0x08000b48   Section        0  stm32f4xx_hal_adc.o(i.HAL_ADC_ConvCpltCallback)
    i.HAL_ADC_ConvHalfCpltCallback           0x08000b4a   Section        0  stm32f4xx_hal_adc.o(i.HAL_ADC_ConvHalfCpltCallback)
    i.HAL_ADC_ErrorCallback                  0x08000b4c   Section        0  stm32f4xx_hal_adc.o(i.HAL_ADC_ErrorCallback)
    i.HAL_ADC_IRQHandler                     0x08000b4e   Section        0  stm32f4xx_hal_adc.o(i.HAL_ADC_IRQHandler)
    i.HAL_ADC_Init                           0x08000c7c   Section        0  stm32f4xx_hal_adc.o(i.HAL_ADC_Init)
    i.HAL_ADC_LevelOutOfWindowCallback       0x08000cd0   Section        0  stm32f4xx_hal_adc.o(i.HAL_ADC_LevelOutOfWindowCallback)
    i.HAL_ADC_MspInit                        0x08000cd4   Section        0  adc.o(i.HAL_ADC_MspInit)
    i.HAL_ADC_Start_DMA                      0x08000d7c   Section        0  stm32f4xx_hal_adc.o(i.HAL_ADC_Start_DMA)
    i.HAL_DMA_Abort                          0x08000ed4   Section        0  stm32f4xx_hal_dma.o(i.HAL_DMA_Abort)
    i.HAL_DMA_Abort_IT                       0x08000f66   Section        0  stm32f4xx_hal_dma.o(i.HAL_DMA_Abort_IT)
    i.HAL_DMA_IRQHandler                     0x08000f8c   Section        0  stm32f4xx_hal_dma.o(i.HAL_DMA_IRQHandler)
    i.HAL_DMA_Init                           0x0800112c   Section        0  stm32f4xx_hal_dma.o(i.HAL_DMA_Init)
    i.HAL_DMA_Start_IT                       0x08001200   Section        0  stm32f4xx_hal_dma.o(i.HAL_DMA_Start_IT)
    i.HAL_GPIO_Init                          0x08001270   Section        0  stm32f4xx_hal_gpio.o(i.HAL_GPIO_Init)
    i.HAL_GPIO_WritePin                      0x08001460   Section        0  stm32f4xx_hal_gpio.o(i.HAL_GPIO_WritePin)
    i.HAL_GetTick                            0x0800146c   Section        0  stm32f4xx_hal.o(i.HAL_GetTick)
    i.HAL_IncTick                            0x08001478   Section        0  stm32f4xx_hal.o(i.HAL_IncTick)
    i.HAL_Init                               0x08001488   Section        0  stm32f4xx_hal.o(i.HAL_Init)
    i.HAL_InitTick                           0x080014bc   Section        0  stm32f4xx_hal.o(i.HAL_InitTick)
    i.HAL_MspInit                            0x080014fc   Section        0  stm32f4xx_hal_msp.o(i.HAL_MspInit)
    i.HAL_NVIC_EnableIRQ                     0x0800152c   Section        0  stm32f4xx_hal_cortex.o(i.HAL_NVIC_EnableIRQ)
    i.HAL_NVIC_SetPriority                   0x08001548   Section        0  stm32f4xx_hal_cortex.o(i.HAL_NVIC_SetPriority)
    i.HAL_NVIC_SetPriorityGrouping           0x08001588   Section        0  stm32f4xx_hal_cortex.o(i.HAL_NVIC_SetPriorityGrouping)
    i.HAL_RCC_ClockConfig                    0x080015ac   Section        0  stm32f4xx_hal_rcc.o(i.HAL_RCC_ClockConfig)
    i.HAL_RCC_GetPCLK1Freq                   0x080016e0   Section        0  stm32f4xx_hal_rcc.o(i.HAL_RCC_GetPCLK1Freq)
    i.HAL_RCC_GetPCLK2Freq                   0x08001700   Section        0  stm32f4xx_hal_rcc.o(i.HAL_RCC_GetPCLK2Freq)
    i.HAL_RCC_GetSysClockFreq                0x08001720   Section        0  stm32f4xx_hal_rcc.o(i.HAL_RCC_GetSysClockFreq)
    i.HAL_RCC_OscConfig                      0x08001780   Section        0  stm32f4xx_hal_rcc.o(i.HAL_RCC_OscConfig)
    i.HAL_SYSTICK_Config                     0x08001aec   Section        0  stm32f4xx_hal_cortex.o(i.HAL_SYSTICK_Config)
    i.HAL_UARTEx_ReceiveToIdle_DMA           0x08001b14   Section        0  stm32f4xx_hal_uart.o(i.HAL_UARTEx_ReceiveToIdle_DMA)
    i.HAL_UARTEx_RxEventCallback             0x08001b60   Section        0  usart_app.o(i.HAL_UARTEx_RxEventCallback)
    i.HAL_UART_DMAStop                       0x08001bac   Section        0  stm32f4xx_hal_uart.o(i.HAL_UART_DMAStop)
    i.HAL_UART_ErrorCallback                 0x08001c1c   Section        0  stm32f4xx_hal_uart.o(i.HAL_UART_ErrorCallback)
    i.HAL_UART_IRQHandler                    0x08001c20   Section        0  stm32f4xx_hal_uart.o(i.HAL_UART_IRQHandler)
    i.HAL_UART_Init                          0x08001ea0   Section        0  stm32f4xx_hal_uart.o(i.HAL_UART_Init)
    i.HAL_UART_MspInit                       0x08001f04   Section        0  usart.o(i.HAL_UART_MspInit)
    i.HAL_UART_RxCpltCallback                0x08001fb4   Section        0  stm32f4xx_hal_uart.o(i.HAL_UART_RxCpltCallback)
    i.HAL_UART_RxHalfCpltCallback            0x08001fb6   Section        0  stm32f4xx_hal_uart.o(i.HAL_UART_RxHalfCpltCallback)
    i.HAL_UART_Transmit                      0x08001fb8   Section        0  stm32f4xx_hal_uart.o(i.HAL_UART_Transmit)
    i.HAL_UART_TxCpltCallback                0x08002058   Section        0  stm32f4xx_hal_uart.o(i.HAL_UART_TxCpltCallback)
    i.HardFault_Handler                      0x0800205a   Section        0  stm32f4xx_it.o(i.HardFault_Handler)
    i.MX_ADC1_Init                           0x0800205c   Section        0  adc.o(i.MX_ADC1_Init)
    i.MX_DMA_Init                            0x080020c0   Section        0  dma.o(i.MX_DMA_Init)
    i.MX_GPIO_Init                           0x080020fc   Section        0  gpio.o(i.MX_GPIO_Init)
    i.MX_USART1_UART_Init                    0x08002168   Section        0  usart.o(i.MX_USART1_UART_Init)
    i.MemManage_Handler                      0x080021b8   Section        0  stm32f4xx_it.o(i.MemManage_Handler)
    i.NMI_Handler                            0x080021ba   Section        0  stm32f4xx_it.o(i.NMI_Handler)
    i.PendSV_Handler                         0x080021bc   Section        0  stm32f4xx_it.o(i.PendSV_Handler)
    i.SVC_Handler                            0x080021be   Section        0  stm32f4xx_it.o(i.SVC_Handler)
    i.SysTick_Handler                        0x080021c0   Section        0  stm32f4xx_it.o(i.SysTick_Handler)
    i.SystemClock_Config                     0x080021c4   Section        0  main.o(i.SystemClock_Config)
    i.SystemInit                             0x08002258   Section        0  system_stm32f4xx.o(i.SystemInit)
    i.UART_DMAAbortOnError                   0x08002268   Section        0  stm32f4xx_hal_uart.o(i.UART_DMAAbortOnError)
    UART_DMAAbortOnError                     0x08002269   Thumb Code    14  stm32f4xx_hal_uart.o(i.UART_DMAAbortOnError)
    i.UART_DMAError                          0x08002276   Section        0  stm32f4xx_hal_uart.o(i.UART_DMAError)
    UART_DMAError                            0x08002277   Thumb Code    74  stm32f4xx_hal_uart.o(i.UART_DMAError)
    i.UART_DMAReceiveCplt                    0x080022c0   Section        0  stm32f4xx_hal_uart.o(i.UART_DMAReceiveCplt)
    UART_DMAReceiveCplt                      0x080022c1   Thumb Code   134  stm32f4xx_hal_uart.o(i.UART_DMAReceiveCplt)
    i.UART_DMARxHalfCplt                     0x08002346   Section        0  stm32f4xx_hal_uart.o(i.UART_DMARxHalfCplt)
    UART_DMARxHalfCplt                       0x08002347   Thumb Code    30  stm32f4xx_hal_uart.o(i.UART_DMARxHalfCplt)
    i.UART_EndRxTransfer                     0x08002364   Section        0  stm32f4xx_hal_uart.o(i.UART_EndRxTransfer)
    UART_EndRxTransfer                       0x08002365   Thumb Code    78  stm32f4xx_hal_uart.o(i.UART_EndRxTransfer)
    i.UART_EndTxTransfer                     0x080023b2   Section        0  stm32f4xx_hal_uart.o(i.UART_EndTxTransfer)
    UART_EndTxTransfer                       0x080023b3   Thumb Code    28  stm32f4xx_hal_uart.o(i.UART_EndTxTransfer)
    i.UART_Receive_IT                        0x080023ce   Section        0  stm32f4xx_hal_uart.o(i.UART_Receive_IT)
    UART_Receive_IT                          0x080023cf   Thumb Code   194  stm32f4xx_hal_uart.o(i.UART_Receive_IT)
    i.UART_SetConfig                         0x08002490   Section        0  stm32f4xx_hal_uart.o(i.UART_SetConfig)
    UART_SetConfig                           0x08002491   Thumb Code   258  stm32f4xx_hal_uart.o(i.UART_SetConfig)
    i.UART_Start_Receive_DMA                 0x0800259c   Section        0  stm32f4xx_hal_uart.o(i.UART_Start_Receive_DMA)
    i.UART_WaitOnFlagUntilTimeout            0x0800263c   Section        0  stm32f4xx_hal_uart.o(i.UART_WaitOnFlagUntilTimeout)
    UART_WaitOnFlagUntilTimeout              0x0800263d   Thumb Code   114  stm32f4xx_hal_uart.o(i.UART_WaitOnFlagUntilTimeout)
    i.USART1_IRQHandler                      0x080026b0   Section        0  stm32f4xx_it.o(i.USART1_IRQHandler)
    i.UsageFault_Handler                     0x080026bc   Section        0  stm32f4xx_it.o(i.UsageFault_Handler)
    i.__0vsnprintf                           0x080026c0   Section        0  printfa.o(i.__0vsnprintf)
    i.__NVIC_SetPriority                     0x080026f4   Section        0  stm32f4xx_hal_cortex.o(i.__NVIC_SetPriority)
    __NVIC_SetPriority                       0x080026f5   Thumb Code    32  stm32f4xx_hal_cortex.o(i.__NVIC_SetPriority)
    i.__scatterload_copy                     0x08002714   Section       14  handlers.o(i.__scatterload_copy)
    i.__scatterload_null                     0x08002722   Section        2  handlers.o(i.__scatterload_null)
    i.__scatterload_zeroinit                 0x08002724   Section       14  handlers.o(i.__scatterload_zeroinit)
    i._fp_digits                             0x08002734   Section        0  printfa.o(i._fp_digits)
    _fp_digits                               0x08002735   Thumb Code   366  printfa.o(i._fp_digits)
    i._printf_core                           0x080028b8   Section        0  printfa.o(i._printf_core)
    _printf_core                             0x080028b9   Thumb Code  1704  printfa.o(i._printf_core)
    i._printf_post_padding                   0x08002f6c   Section        0  printfa.o(i._printf_post_padding)
    _printf_post_padding                     0x08002f6d   Thumb Code    36  printfa.o(i._printf_post_padding)
    i._printf_pre_padding                    0x08002f90   Section        0  printfa.o(i._printf_pre_padding)
    _printf_pre_padding                      0x08002f91   Thumb Code    46  printfa.o(i._printf_pre_padding)
    i._snputc                                0x08002fbe   Section        0  printfa.o(i._snputc)
    _snputc                                  0x08002fbf   Thumb Code    22  printfa.o(i._snputc)
    i.led_proc                               0x08002fd4   Section        0  scheduler.o(i.led_proc)
    i.main                                   0x08002fd6   Section        0  main.o(i.main)
    i.mq2_dma_init                           0x08002ff8   Section        0  mq2_app.o(i.mq2_dma_init)
    i.mq2_task                               0x0800300c   Section        0  mq2_app.o(i.mq2_task)
    i.my_printf                              0x08003094   Section        0  usart_app.o(i.my_printf)
    i.rt_ringbuffer_data_len                 0x080030c6   Section        0  ringbuffer.o(i.rt_ringbuffer_data_len)
    i.rt_ringbuffer_get                      0x080030f6   Section        0  ringbuffer.o(i.rt_ringbuffer_get)
    i.rt_ringbuffer_init                     0x0800316a   Section        0  ringbuffer.o(i.rt_ringbuffer_init)
    i.rt_ringbuffer_put                      0x0800319a   Section        0  ringbuffer.o(i.rt_ringbuffer_put)
    i.rt_ringbuffer_status                   0x08003212   Section        0  ringbuffer.o(i.rt_ringbuffer_status)
    rt_ringbuffer_status                     0x08003213   Thumb Code    32  ringbuffer.o(i.rt_ringbuffer_status)
    i.scheduler_init                         0x08003234   Section        0  scheduler.o(i.scheduler_init)
    i.scheduler_run                          0x0800324c   Section        0  scheduler.o(i.scheduler_run)
    i.uart_init                              0x08003288   Section        0  usart_app.o(i.uart_init)
    i.uart_task                              0x08003298   Section        0  usart_app.o(i.uart_task)
    .constdata                               0x080032e4   Section        8  stm32f4xx_hal_dma.o(.constdata)
    flagBitshiftOffset                       0x080032e4   Data           8  stm32f4xx_hal_dma.o(.constdata)
    .constdata                               0x080032ec   Section       16  system_stm32f4xx.o(.constdata)
    .constdata                               0x080032fc   Section        8  system_stm32f4xx.o(.constdata)
    .data                                    0x20000000   Section       12  stm32f4xx_hal.o(.data)
    .data                                    0x2000000c   Section        4  system_stm32f4xx.o(.data)
    .data                                    0x20000010   Section       40  scheduler.o(.data)
    scheduler_task                           0x20000014   Data          36  scheduler.o(.data)
    .data                                    0x20000038   Section        8  mq2_app.o(.data)
    .bss                                     0x20000040   Section      168  adc.o(.bss)
    .bss                                     0x200000e8   Section      168  usart.o(.bss)
    .bss                                     0x20000190   Section      396  usart_app.o(.bss)
    .bss                                     0x2000031c   Section      128  mq2_app.o(.bss)
    STACK                                    0x200003a0   Section     1024  startup_stm32f407xx.o(STACK)

    Global Symbols

    Symbol Name                              Value     Ov Type        Size  Object(Section)

    BuildAttributes$$THM_ISAv4$E$P$D$K$B$S$7EM$VFPi3$EXTD16$VFPS$VFMA$PE$A:L22UL41UL21$X:L11$S22US41US21$IEEE1$IW$USESV6$~STKCKD$USESV7$~SHL$OTIME$ROPI$IEEEX$EBA8$MICROLIB$REQ8$PRES8$EABIv2 0x00000000   Number         0  anon$$obj.o ABSOLUTE
    __ARM_use_no_argv                        0x00000000   Number         0  main.o ABSOLUTE
    __arm_fini_                               - Undefined Weak Reference
    __cpp_initialize__aeabi_                  - Undefined Weak Reference
    __cxa_finalize                            - Undefined Weak Reference
    __decompress                              - Undefined Weak Reference
    _clock_init                               - Undefined Weak Reference
    _microlib_exit                            - Undefined Weak Reference
    __Vectors_Size                           0x00000188   Number         0  startup_stm32f407xx.o ABSOLUTE
    __Vectors                                0x08000000   Data           4  startup_stm32f407xx.o(RESET)
    __Vectors_End                            0x08000188   Data           0  startup_stm32f407xx.o(RESET)
    __main                                   0x08000189   Thumb Code     0  entry.o(.ARM.Collect$$$$00000000)
    _main_stk                                0x08000189   Thumb Code     0  entry2.o(.ARM.Collect$$$$00000001)
    _main_scatterload                        0x0800018d   Thumb Code     0  entry5.o(.ARM.Collect$$$$00000004)
    __main_after_scatterload                 0x08000191   Thumb Code     0  entry5.o(.ARM.Collect$$$$00000004)
    _main_clock                              0x08000191   Thumb Code     0  entry7b.o(.ARM.Collect$$$$00000008)
    _main_cpp_init                           0x08000191   Thumb Code     0  entry8b.o(.ARM.Collect$$$$0000000A)
    _main_init                               0x08000191   Thumb Code     0  entry9a.o(.ARM.Collect$$$$0000000B)
    __rt_lib_shutdown_fini                   0x08000199   Thumb Code     0  entry12b.o(.ARM.Collect$$$$0000000E)
    __rt_final_cpp                           0x0800019d   Thumb Code     0  entry10a.o(.ARM.Collect$$$$0000000F)
    __rt_final_exit                          0x0800019d   Thumb Code     0  entry11a.o(.ARM.Collect$$$$00000011)
    Reset_Handler                            0x080001a1   Thumb Code     8  startup_stm32f407xx.o(.text)
    CAN1_RX0_IRQHandler                      0x080001bb   Thumb Code     0  startup_stm32f407xx.o(.text)
    CAN1_RX1_IRQHandler                      0x080001bb   Thumb Code     0  startup_stm32f407xx.o(.text)
    CAN1_SCE_IRQHandler                      0x080001bb   Thumb Code     0  startup_stm32f407xx.o(.text)
    CAN1_TX_IRQHandler                       0x080001bb   Thumb Code     0  startup_stm32f407xx.o(.text)
    CAN2_RX0_IRQHandler                      0x080001bb   Thumb Code     0  startup_stm32f407xx.o(.text)
    CAN2_RX1_IRQHandler                      0x080001bb   Thumb Code     0  startup_stm32f407xx.o(.text)
    CAN2_SCE_IRQHandler                      0x080001bb   Thumb Code     0  startup_stm32f407xx.o(.text)
    CAN2_TX_IRQHandler                       0x080001bb   Thumb Code     0  startup_stm32f407xx.o(.text)
    DCMI_IRQHandler                          0x080001bb   Thumb Code     0  startup_stm32f407xx.o(.text)
    DMA1_Stream0_IRQHandler                  0x080001bb   Thumb Code     0  startup_stm32f407xx.o(.text)
    DMA1_Stream1_IRQHandler                  0x080001bb   Thumb Code     0  startup_stm32f407xx.o(.text)
    DMA1_Stream2_IRQHandler                  0x080001bb   Thumb Code     0  startup_stm32f407xx.o(.text)
    DMA1_Stream3_IRQHandler                  0x080001bb   Thumb Code     0  startup_stm32f407xx.o(.text)
    DMA1_Stream4_IRQHandler                  0x080001bb   Thumb Code     0  startup_stm32f407xx.o(.text)
    DMA1_Stream5_IRQHandler                  0x080001bb   Thumb Code     0  startup_stm32f407xx.o(.text)
    DMA1_Stream6_IRQHandler                  0x080001bb   Thumb Code     0  startup_stm32f407xx.o(.text)
    DMA1_Stream7_IRQHandler                  0x080001bb   Thumb Code     0  startup_stm32f407xx.o(.text)
    DMA2_Stream1_IRQHandler                  0x080001bb   Thumb Code     0  startup_stm32f407xx.o(.text)
    DMA2_Stream3_IRQHandler                  0x080001bb   Thumb Code     0  startup_stm32f407xx.o(.text)
    DMA2_Stream4_IRQHandler                  0x080001bb   Thumb Code     0  startup_stm32f407xx.o(.text)
    DMA2_Stream5_IRQHandler                  0x080001bb   Thumb Code     0  startup_stm32f407xx.o(.text)
    DMA2_Stream6_IRQHandler                  0x080001bb   Thumb Code     0  startup_stm32f407xx.o(.text)
    DMA2_Stream7_IRQHandler                  0x080001bb   Thumb Code     0  startup_stm32f407xx.o(.text)
    ETH_IRQHandler                           0x080001bb   Thumb Code     0  startup_stm32f407xx.o(.text)
    ETH_WKUP_IRQHandler                      0x080001bb   Thumb Code     0  startup_stm32f407xx.o(.text)
    EXTI0_IRQHandler                         0x080001bb   Thumb Code     0  startup_stm32f407xx.o(.text)
    EXTI15_10_IRQHandler                     0x080001bb   Thumb Code     0  startup_stm32f407xx.o(.text)
    EXTI1_IRQHandler                         0x080001bb   Thumb Code     0  startup_stm32f407xx.o(.text)
    EXTI2_IRQHandler                         0x080001bb   Thumb Code     0  startup_stm32f407xx.o(.text)
    EXTI3_IRQHandler                         0x080001bb   Thumb Code     0  startup_stm32f407xx.o(.text)
    EXTI4_IRQHandler                         0x080001bb   Thumb Code     0  startup_stm32f407xx.o(.text)
    EXTI9_5_IRQHandler                       0x080001bb   Thumb Code     0  startup_stm32f407xx.o(.text)
    FLASH_IRQHandler                         0x080001bb   Thumb Code     0  startup_stm32f407xx.o(.text)
    FMC_IRQHandler                           0x080001bb   Thumb Code     0  startup_stm32f407xx.o(.text)
    FPU_IRQHandler                           0x080001bb   Thumb Code     0  startup_stm32f407xx.o(.text)
    HASH_RNG_IRQHandler                      0x080001bb   Thumb Code     0  startup_stm32f407xx.o(.text)
    I2C1_ER_IRQHandler                       0x080001bb   Thumb Code     0  startup_stm32f407xx.o(.text)
    I2C1_EV_IRQHandler                       0x080001bb   Thumb Code     0  startup_stm32f407xx.o(.text)
    I2C2_ER_IRQHandler                       0x080001bb   Thumb Code     0  startup_stm32f407xx.o(.text)
    I2C2_EV_IRQHandler                       0x080001bb   Thumb Code     0  startup_stm32f407xx.o(.text)
    I2C3_ER_IRQHandler                       0x080001bb   Thumb Code     0  startup_stm32f407xx.o(.text)
    I2C3_EV_IRQHandler                       0x080001bb   Thumb Code     0  startup_stm32f407xx.o(.text)
    OTG_FS_IRQHandler                        0x080001bb   Thumb Code     0  startup_stm32f407xx.o(.text)
    OTG_FS_WKUP_IRQHandler                   0x080001bb   Thumb Code     0  startup_stm32f407xx.o(.text)
    OTG_HS_EP1_IN_IRQHandler                 0x080001bb   Thumb Code     0  startup_stm32f407xx.o(.text)
    OTG_HS_EP1_OUT_IRQHandler                0x080001bb   Thumb Code     0  startup_stm32f407xx.o(.text)
    OTG_HS_IRQHandler                        0x080001bb   Thumb Code     0  startup_stm32f407xx.o(.text)
    OTG_HS_WKUP_IRQHandler                   0x080001bb   Thumb Code     0  startup_stm32f407xx.o(.text)
    PVD_IRQHandler                           0x080001bb   Thumb Code     0  startup_stm32f407xx.o(.text)
    RCC_IRQHandler                           0x080001bb   Thumb Code     0  startup_stm32f407xx.o(.text)
    RTC_Alarm_IRQHandler                     0x080001bb   Thumb Code     0  startup_stm32f407xx.o(.text)
    RTC_WKUP_IRQHandler                      0x080001bb   Thumb Code     0  startup_stm32f407xx.o(.text)
    SDIO_IRQHandler                          0x080001bb   Thumb Code     0  startup_stm32f407xx.o(.text)
    SPI1_IRQHandler                          0x080001bb   Thumb Code     0  startup_stm32f407xx.o(.text)
    SPI2_IRQHandler                          0x080001bb   Thumb Code     0  startup_stm32f407xx.o(.text)
    SPI3_IRQHandler                          0x080001bb   Thumb Code     0  startup_stm32f407xx.o(.text)
    TAMP_STAMP_IRQHandler                    0x080001bb   Thumb Code     0  startup_stm32f407xx.o(.text)
    TIM1_BRK_TIM9_IRQHandler                 0x080001bb   Thumb Code     0  startup_stm32f407xx.o(.text)
    TIM1_CC_IRQHandler                       0x080001bb   Thumb Code     0  startup_stm32f407xx.o(.text)
    TIM1_TRG_COM_TIM11_IRQHandler            0x080001bb   Thumb Code     0  startup_stm32f407xx.o(.text)
    TIM1_UP_TIM10_IRQHandler                 0x080001bb   Thumb Code     0  startup_stm32f407xx.o(.text)
    TIM2_IRQHandler                          0x080001bb   Thumb Code     0  startup_stm32f407xx.o(.text)
    TIM3_IRQHandler                          0x080001bb   Thumb Code     0  startup_stm32f407xx.o(.text)
    TIM4_IRQHandler                          0x080001bb   Thumb Code     0  startup_stm32f407xx.o(.text)
    TIM5_IRQHandler                          0x080001bb   Thumb Code     0  startup_stm32f407xx.o(.text)
    TIM6_DAC_IRQHandler                      0x080001bb   Thumb Code     0  startup_stm32f407xx.o(.text)
    TIM7_IRQHandler                          0x080001bb   Thumb Code     0  startup_stm32f407xx.o(.text)
    TIM8_BRK_TIM12_IRQHandler                0x080001bb   Thumb Code     0  startup_stm32f407xx.o(.text)
    TIM8_CC_IRQHandler                       0x080001bb   Thumb Code     0  startup_stm32f407xx.o(.text)
    TIM8_TRG_COM_TIM14_IRQHandler            0x080001bb   Thumb Code     0  startup_stm32f407xx.o(.text)
    TIM8_UP_TIM13_IRQHandler                 0x080001bb   Thumb Code     0  startup_stm32f407xx.o(.text)
    UART4_IRQHandler                         0x080001bb   Thumb Code     0  startup_stm32f407xx.o(.text)
    UART5_IRQHandler                         0x080001bb   Thumb Code     0  startup_stm32f407xx.o(.text)
    USART2_IRQHandler                        0x080001bb   Thumb Code     0  startup_stm32f407xx.o(.text)
    USART3_IRQHandler                        0x080001bb   Thumb Code     0  startup_stm32f407xx.o(.text)
    USART6_IRQHandler                        0x080001bb   Thumb Code     0  startup_stm32f407xx.o(.text)
    WWDG_IRQHandler                          0x080001bb   Thumb Code     0  startup_stm32f407xx.o(.text)
    __aeabi_uldivmod                         0x080001c5   Thumb Code    98  uldiv.o(.text)
    __aeabi_memcpy                           0x08000227   Thumb Code    36  memcpya.o(.text)
    __aeabi_memcpy4                          0x08000227   Thumb Code     0  memcpya.o(.text)
    __aeabi_memcpy8                          0x08000227   Thumb Code     0  memcpya.o(.text)
    __aeabi_memset                           0x0800024b   Thumb Code    14  memseta.o(.text)
    __aeabi_memset4                          0x0800024b   Thumb Code     0  memseta.o(.text)
    __aeabi_memset8                          0x0800024b   Thumb Code     0  memseta.o(.text)
    __aeabi_memclr                           0x08000259   Thumb Code     4  memseta.o(.text)
    __aeabi_memclr4                          0x08000259   Thumb Code     0  memseta.o(.text)
    __aeabi_memclr8                          0x08000259   Thumb Code     0  memseta.o(.text)
    _memset$wrapper                          0x0800025d   Thumb Code    18  memseta.o(.text)
    __aeabi_f2d                              0x0800026f   Thumb Code    38  f2d.o(.text)
    __aeabi_uidiv                            0x08000295   Thumb Code     0  uidiv.o(.text)
    __aeabi_uidivmod                         0x08000295   Thumb Code    44  uidiv.o(.text)
    __aeabi_llsl                             0x080002c1   Thumb Code    30  llshl.o(.text)
    _ll_shift_l                              0x080002c1   Thumb Code     0  llshl.o(.text)
    __aeabi_llsr                             0x080002df   Thumb Code    32  llushr.o(.text)
    _ll_ushift_r                             0x080002df   Thumb Code     0  llushr.o(.text)
    __I$use$fp                               0x080002ff   Thumb Code     0  iusefp.o(.text)
    __aeabi_dadd                             0x080002ff   Thumb Code   322  dadd.o(.text)
    __aeabi_dsub                             0x08000441   Thumb Code     6  dadd.o(.text)
    __aeabi_drsub                            0x08000447   Thumb Code     6  dadd.o(.text)
    __aeabi_dmul                             0x0800044d   Thumb Code   228  dmul.o(.text)
    __aeabi_ddiv                             0x08000531   Thumb Code   222  ddiv.o(.text)
    __aeabi_d2ulz                            0x0800060f   Thumb Code    48  dfixul.o(.text)
    __aeabi_cdrcmple                         0x08000641   Thumb Code    48  cdrcmple.o(.text)
    __scatterload                            0x08000671   Thumb Code    28  init.o(.text)
    __scatterload_rt2                        0x08000671   Thumb Code     0  init.o(.text)
    __aeabi_lasr                             0x08000695   Thumb Code    36  llsshr.o(.text)
    _ll_sshift_r                             0x08000695   Thumb Code     0  llsshr.o(.text)
    _double_round                            0x080006b9   Thumb Code    30  depilogue.o(.text)
    _double_epilogue                         0x080006d7   Thumb Code   156  depilogue.o(.text)
    ADC_IRQHandler                           0x08000801   Thumb Code     6  stm32f4xx_it.o(i.ADC_IRQHandler)
    BusFault_Handler                         0x08000935   Thumb Code     2  stm32f4xx_it.o(i.BusFault_Handler)
    DMA2_Stream0_IRQHandler                  0x08000939   Thumb Code     6  stm32f4xx_it.o(i.DMA2_Stream0_IRQHandler)
    DMA2_Stream2_IRQHandler                  0x08000945   Thumb Code     6  stm32f4xx_it.o(i.DMA2_Stream2_IRQHandler)
    DebugMon_Handler                         0x080009f5   Thumb Code     2  stm32f4xx_it.o(i.DebugMon_Handler)
    Error_Handler                            0x080009f7   Thumb Code     4  main.o(i.Error_Handler)
    HAL_ADCEx_InjectedConvCpltCallback       0x080009fb   Thumb Code     2  stm32f4xx_hal_adc_ex.o(i.HAL_ADCEx_InjectedConvCpltCallback)
    HAL_ADC_ConfigChannel                    0x080009fd   Thumb Code   316  stm32f4xx_hal_adc.o(i.HAL_ADC_ConfigChannel)
    HAL_ADC_ConvCpltCallback                 0x08000b49   Thumb Code     2  stm32f4xx_hal_adc.o(i.HAL_ADC_ConvCpltCallback)
    HAL_ADC_ConvHalfCpltCallback             0x08000b4b   Thumb Code     2  stm32f4xx_hal_adc.o(i.HAL_ADC_ConvHalfCpltCallback)
    HAL_ADC_ErrorCallback                    0x08000b4d   Thumb Code     2  stm32f4xx_hal_adc.o(i.HAL_ADC_ErrorCallback)
    HAL_ADC_IRQHandler                       0x08000b4f   Thumb Code   302  stm32f4xx_hal_adc.o(i.HAL_ADC_IRQHandler)
    HAL_ADC_Init                             0x08000c7d   Thumb Code    84  stm32f4xx_hal_adc.o(i.HAL_ADC_Init)
    HAL_ADC_LevelOutOfWindowCallback         0x08000cd1   Thumb Code     2  stm32f4xx_hal_adc.o(i.HAL_ADC_LevelOutOfWindowCallback)
    HAL_ADC_MspInit                          0x08000cd5   Thumb Code   148  adc.o(i.HAL_ADC_MspInit)
    HAL_ADC_Start_DMA                        0x08000d7d   Thumb Code   306  stm32f4xx_hal_adc.o(i.HAL_ADC_Start_DMA)
    HAL_DMA_Abort                            0x08000ed5   Thumb Code   146  stm32f4xx_hal_dma.o(i.HAL_DMA_Abort)
    HAL_DMA_Abort_IT                         0x08000f67   Thumb Code    36  stm32f4xx_hal_dma.o(i.HAL_DMA_Abort_IT)
    HAL_DMA_IRQHandler                       0x08000f8d   Thumb Code   412  stm32f4xx_hal_dma.o(i.HAL_DMA_IRQHandler)
    HAL_DMA_Init                             0x0800112d   Thumb Code   206  stm32f4xx_hal_dma.o(i.HAL_DMA_Init)
    HAL_DMA_Start_IT                         0x08001201   Thumb Code   110  stm32f4xx_hal_dma.o(i.HAL_DMA_Start_IT)
    HAL_GPIO_Init                            0x08001271   Thumb Code   450  stm32f4xx_hal_gpio.o(i.HAL_GPIO_Init)
    HAL_GPIO_WritePin                        0x08001461   Thumb Code    10  stm32f4xx_hal_gpio.o(i.HAL_GPIO_WritePin)
    HAL_GetTick                              0x0800146d   Thumb Code     6  stm32f4xx_hal.o(i.HAL_GetTick)
    HAL_IncTick                              0x08001479   Thumb Code    12  stm32f4xx_hal.o(i.HAL_IncTick)
    HAL_Init                                 0x08001489   Thumb Code    48  stm32f4xx_hal.o(i.HAL_Init)
    HAL_InitTick                             0x080014bd   Thumb Code    54  stm32f4xx_hal.o(i.HAL_InitTick)
    HAL_MspInit                              0x080014fd   Thumb Code    42  stm32f4xx_hal_msp.o(i.HAL_MspInit)
    HAL_NVIC_EnableIRQ                       0x0800152d   Thumb Code    26  stm32f4xx_hal_cortex.o(i.HAL_NVIC_EnableIRQ)
    HAL_NVIC_SetPriority                     0x08001549   Thumb Code    60  stm32f4xx_hal_cortex.o(i.HAL_NVIC_SetPriority)
    HAL_NVIC_SetPriorityGrouping             0x08001589   Thumb Code    26  stm32f4xx_hal_cortex.o(i.HAL_NVIC_SetPriorityGrouping)
    HAL_RCC_ClockConfig                      0x080015ad   Thumb Code   288  stm32f4xx_hal_rcc.o(i.HAL_RCC_ClockConfig)
    HAL_RCC_GetPCLK1Freq                     0x080016e1   Thumb Code    20  stm32f4xx_hal_rcc.o(i.HAL_RCC_GetPCLK1Freq)
    HAL_RCC_GetPCLK2Freq                     0x08001701   Thumb Code    20  stm32f4xx_hal_rcc.o(i.HAL_RCC_GetPCLK2Freq)
    HAL_RCC_GetSysClockFreq                  0x08001721   Thumb Code    88  stm32f4xx_hal_rcc.o(i.HAL_RCC_GetSysClockFreq)
    HAL_RCC_OscConfig                        0x08001781   Thumb Code   856  stm32f4xx_hal_rcc.o(i.HAL_RCC_OscConfig)
    HAL_SYSTICK_Config                       0x08001aed   Thumb Code    40  stm32f4xx_hal_cortex.o(i.HAL_SYSTICK_Config)
    HAL_UARTEx_ReceiveToIdle_DMA             0x08001b15   Thumb Code    74  stm32f4xx_hal_uart.o(i.HAL_UARTEx_ReceiveToIdle_DMA)
    HAL_UARTEx_RxEventCallback               0x08001b61   Thumb Code    60  usart_app.o(i.HAL_UARTEx_RxEventCallback)
    HAL_UART_DMAStop                         0x08001bad   Thumb Code   112  stm32f4xx_hal_uart.o(i.HAL_UART_DMAStop)
    HAL_UART_ErrorCallback                   0x08001c1d   Thumb Code     2  stm32f4xx_hal_uart.o(i.HAL_UART_ErrorCallback)
    HAL_UART_IRQHandler                      0x08001c21   Thumb Code   636  stm32f4xx_hal_uart.o(i.HAL_UART_IRQHandler)
    HAL_UART_Init                            0x08001ea1   Thumb Code   100  stm32f4xx_hal_uart.o(i.HAL_UART_Init)
    HAL_UART_MspInit                         0x08001f05   Thumb Code   156  usart.o(i.HAL_UART_MspInit)
    HAL_UART_RxCpltCallback                  0x08001fb5   Thumb Code     2  stm32f4xx_hal_uart.o(i.HAL_UART_RxCpltCallback)
    HAL_UART_RxHalfCpltCallback              0x08001fb7   Thumb Code     2  stm32f4xx_hal_uart.o(i.HAL_UART_RxHalfCpltCallback)
    HAL_UART_Transmit                        0x08001fb9   Thumb Code   160  stm32f4xx_hal_uart.o(i.HAL_UART_Transmit)
    HAL_UART_TxCpltCallback                  0x08002059   Thumb Code     2  stm32f4xx_hal_uart.o(i.HAL_UART_TxCpltCallback)
    HardFault_Handler                        0x0800205b   Thumb Code     2  stm32f4xx_it.o(i.HardFault_Handler)
    MX_ADC1_Init                             0x0800205d   Thumb Code    88  adc.o(i.MX_ADC1_Init)
    MX_DMA_Init                              0x080020c1   Thumb Code    56  dma.o(i.MX_DMA_Init)
    MX_GPIO_Init                             0x080020fd   Thumb Code    98  gpio.o(i.MX_GPIO_Init)
    MX_USART1_UART_Init                      0x08002169   Thumb Code    66  usart.o(i.MX_USART1_UART_Init)
    MemManage_Handler                        0x080021b9   Thumb Code     2  stm32f4xx_it.o(i.MemManage_Handler)
    NMI_Handler                              0x080021bb   Thumb Code     2  stm32f4xx_it.o(i.NMI_Handler)
    PendSV_Handler                           0x080021bd   Thumb Code     2  stm32f4xx_it.o(i.PendSV_Handler)
    SVC_Handler                              0x080021bf   Thumb Code     2  stm32f4xx_it.o(i.SVC_Handler)
    SysTick_Handler                          0x080021c1   Thumb Code     4  stm32f4xx_it.o(i.SysTick_Handler)
    SystemClock_Config                       0x080021c5   Thumb Code   138  main.o(i.SystemClock_Config)
    SystemInit                               0x08002259   Thumb Code    12  system_stm32f4xx.o(i.SystemInit)
    UART_Start_Receive_DMA                   0x0800259d   Thumb Code   146  stm32f4xx_hal_uart.o(i.UART_Start_Receive_DMA)
    USART1_IRQHandler                        0x080026b1   Thumb Code     6  stm32f4xx_it.o(i.USART1_IRQHandler)
    UsageFault_Handler                       0x080026bd   Thumb Code     2  stm32f4xx_it.o(i.UsageFault_Handler)
    __0vsnprintf                             0x080026c1   Thumb Code    46  printfa.o(i.__0vsnprintf)
    __1vsnprintf                             0x080026c1   Thumb Code     0  printfa.o(i.__0vsnprintf)
    __2vsnprintf                             0x080026c1   Thumb Code     0  printfa.o(i.__0vsnprintf)
    __c89vsnprintf                           0x080026c1   Thumb Code     0  printfa.o(i.__0vsnprintf)
    vsnprintf                                0x080026c1   Thumb Code     0  printfa.o(i.__0vsnprintf)
    __scatterload_copy                       0x08002715   Thumb Code    14  handlers.o(i.__scatterload_copy)
    __scatterload_null                       0x08002723   Thumb Code     2  handlers.o(i.__scatterload_null)
    __scatterload_zeroinit                   0x08002725   Thumb Code    14  handlers.o(i.__scatterload_zeroinit)
    led_proc                                 0x08002fd5   Thumb Code     2  scheduler.o(i.led_proc)
    main                                     0x08002fd7   Thumb Code    34  main.o(i.main)
    mq2_dma_init                             0x08002ff9   Thumb Code    10  mq2_app.o(i.mq2_dma_init)
    mq2_task                                 0x0800300d   Thumb Code    86  mq2_app.o(i.mq2_task)
    my_printf                                0x08003095   Thumb Code    50  usart_app.o(i.my_printf)
    rt_ringbuffer_data_len                   0x080030c7   Thumb Code    48  ringbuffer.o(i.rt_ringbuffer_data_len)
    rt_ringbuffer_get                        0x080030f7   Thumb Code   116  ringbuffer.o(i.rt_ringbuffer_get)
    rt_ringbuffer_init                       0x0800316b   Thumb Code    48  ringbuffer.o(i.rt_ringbuffer_init)
    rt_ringbuffer_put                        0x0800319b   Thumb Code   120  ringbuffer.o(i.rt_ringbuffer_put)
    scheduler_init                           0x08003235   Thumb Code    18  scheduler.o(i.scheduler_init)
    scheduler_run                            0x0800324d   Thumb Code    56  scheduler.o(i.scheduler_run)
    uart_init                                0x08003289   Thumb Code    12  usart_app.o(i.uart_init)
    uart_task                                0x08003299   Thumb Code    52  usart_app.o(i.uart_task)
    AHBPrescTable                            0x080032ec   Data          16  system_stm32f4xx.o(.constdata)
    APBPrescTable                            0x080032fc   Data           8  system_stm32f4xx.o(.constdata)
    Region$$Table$$Base                      0x08003304   Number         0  anon$$obj.o(Region$$Table)
    Region$$Table$$Limit                     0x08003324   Number         0  anon$$obj.o(Region$$Table)
    uwTickFreq                               0x20000000   Data           1  stm32f4xx_hal.o(.data)
    uwTickPrio                               0x20000004   Data           4  stm32f4xx_hal.o(.data)
    uwTick                                   0x20000008   Data           4  stm32f4xx_hal.o(.data)
    SystemCoreClock                          0x2000000c   Data           4  system_stm32f4xx.o(.data)
    task_num                                 0x20000010   Data           1  scheduler.o(.data)
    mq2_val                                  0x20000038   Data           4  mq2_app.o(.data)
    mq2_voltage                              0x2000003c   Data           4  mq2_app.o(.data)
    hadc1                                    0x20000040   Data          72  adc.o(.bss)
    hdma_adc1                                0x20000088   Data          96  adc.o(.bss)
    huart1                                   0x200000e8   Data          72  usart.o(.bss)
    hdma_usart1_rx                           0x20000130   Data          96  usart.o(.bss)
    uart_rx_dma_buffer                       0x20000190   Data         128  usart_app.o(.bss)
    uart_dma_buffer                          0x20000210   Data         128  usart_app.o(.bss)
    uart_ringbuffer                          0x20000290   Data          12  usart_app.o(.bss)
    ringbuffer_pool                          0x2000029c   Data         128  usart_app.o(.bss)
    mq2_dma_buffer                           0x2000031c   Data         128  mq2_app.o(.bss)
    __initial_sp                             0x200007a0   Data           0  startup_stm32f407xx.o(STACK)



==============================================================================

Memory Map of the image

  Image Entry point : 0x08000189

  Load Region LR_IROM1 (Base: 0x08000000, Size: 0x00003364, Max: 0x00080000, ABSOLUTE)

    Execution Region ER_IROM1 (Exec base: 0x08000000, Load base: 0x08000000, Size: 0x00003324, Max: 0x00080000, ABSOLUTE)

    Exec Addr    Load Addr    Size         Type   Attr      Idx    E Section Name        Object

    0x08000000   0x08000000   0x00000188   Data   RO            3    RESET               startup_stm32f407xx.o
    0x08000188   0x08000188   0x00000000   Code   RO         2621  * .ARM.Collect$$$$00000000  mc_w.l(entry.o)
    0x08000188   0x08000188   0x00000004   Code   RO         2683    .ARM.Collect$$$$00000001  mc_w.l(entry2.o)
    0x0800018c   0x0800018c   0x00000004   Code   RO         2686    .ARM.Collect$$$$00000004  mc_w.l(entry5.o)
    0x08000190   0x08000190   0x00000000   Code   RO         2688    .ARM.Collect$$$$00000008  mc_w.l(entry7b.o)
    0x08000190   0x08000190   0x00000000   Code   RO         2690    .ARM.Collect$$$$0000000A  mc_w.l(entry8b.o)
    0x08000190   0x08000190   0x00000008   Code   RO         2691    .ARM.Collect$$$$0000000B  mc_w.l(entry9a.o)
    0x08000198   0x08000198   0x00000004   Code   RO         2698    .ARM.Collect$$$$0000000E  mc_w.l(entry12b.o)
    0x0800019c   0x0800019c   0x00000000   Code   RO         2693    .ARM.Collect$$$$0000000F  mc_w.l(entry10a.o)
    0x0800019c   0x0800019c   0x00000000   Code   RO         2695    .ARM.Collect$$$$00000011  mc_w.l(entry11a.o)
    0x0800019c   0x0800019c   0x00000004   Code   RO         2684    .ARM.Collect$$$$00002712  mc_w.l(entry2.o)
    0x080001a0   0x080001a0   0x00000024   Code   RO            4    .text               startup_stm32f407xx.o
    0x080001c4   0x080001c4   0x00000062   Code   RO         2624    .text               mc_w.l(uldiv.o)
    0x08000226   0x08000226   0x00000024   Code   RO         2628    .text               mc_w.l(memcpya.o)
    0x0800024a   0x0800024a   0x00000024   Code   RO         2630    .text               mc_w.l(memseta.o)
    0x0800026e   0x0800026e   0x00000026   Code   RO         2662    .text               mf_w.l(f2d.o)
    0x08000294   0x08000294   0x0000002c   Code   RO         2702    .text               mc_w.l(uidiv.o)
    0x080002c0   0x080002c0   0x0000001e   Code   RO         2704    .text               mc_w.l(llshl.o)
    0x080002de   0x080002de   0x00000020   Code   RO         2706    .text               mc_w.l(llushr.o)
    0x080002fe   0x080002fe   0x00000000   Code   RO         2715    .text               mc_w.l(iusefp.o)
    0x080002fe   0x080002fe   0x0000014e   Code   RO         2716    .text               mf_w.l(dadd.o)
    0x0800044c   0x0800044c   0x000000e4   Code   RO         2718    .text               mf_w.l(dmul.o)
    0x08000530   0x08000530   0x000000de   Code   RO         2720    .text               mf_w.l(ddiv.o)
    0x0800060e   0x0800060e   0x00000030   Code   RO         2722    .text               mf_w.l(dfixul.o)
    0x0800063e   0x0800063e   0x00000002   PAD
    0x08000640   0x08000640   0x00000030   Code   RO         2724    .text               mf_w.l(cdrcmple.o)
    0x08000670   0x08000670   0x00000024   Code   RO         2726    .text               mc_w.l(init.o)
    0x08000694   0x08000694   0x00000024   Code   RO         2729    .text               mc_w.l(llsshr.o)
    0x080006b8   0x080006b8   0x000000ba   Code   RO         2732    .text               mf_w.l(depilogue.o)
    0x08000772   0x08000772   0x0000006e   Code   RO          460    i.ADC_DMAConvCplt   stm32f4xx_hal_adc.o
    0x080007e0   0x080007e0   0x00000016   Code   RO          461    i.ADC_DMAError      stm32f4xx_hal_adc.o
    0x080007f6   0x080007f6   0x0000000a   Code   RO          462    i.ADC_DMAHalfConvCplt  stm32f4xx_hal_adc.o
    0x08000800   0x08000800   0x0000000c   Code   RO          336    i.ADC_IRQHandler    stm32f4xx_it.o
    0x0800080c   0x0800080c   0x00000128   Code   RO          463    i.ADC_Init          stm32f4xx_hal_adc.o
    0x08000934   0x08000934   0x00000002   Code   RO          337    i.BusFault_Handler  stm32f4xx_it.o
    0x08000936   0x08000936   0x00000002   PAD
    0x08000938   0x08000938   0x0000000c   Code   RO          338    i.DMA2_Stream0_IRQHandler  stm32f4xx_it.o
    0x08000944   0x08000944   0x0000000c   Code   RO          339    i.DMA2_Stream2_IRQHandler  stm32f4xx_it.o
    0x08000950   0x08000950   0x00000028   Code   RO         1197    i.DMA_CalcBaseAndBitshift  stm32f4xx_hal_dma.o
    0x08000978   0x08000978   0x00000054   Code   RO         1198    i.DMA_CheckFifoParam  stm32f4xx_hal_dma.o
    0x080009cc   0x080009cc   0x00000028   Code   RO         1199    i.DMA_SetConfig     stm32f4xx_hal_dma.o
    0x080009f4   0x080009f4   0x00000002   Code   RO          340    i.DebugMon_Handler  stm32f4xx_it.o
    0x080009f6   0x080009f6   0x00000004   Code   RO           13    i.Error_Handler     main.o
    0x080009fa   0x080009fa   0x00000002   Code   RO          634    i.HAL_ADCEx_InjectedConvCpltCallback  stm32f4xx_hal_adc_ex.o
    0x080009fc   0x080009fc   0x0000014c   Code   RO          465    i.HAL_ADC_ConfigChannel  stm32f4xx_hal_adc.o
    0x08000b48   0x08000b48   0x00000002   Code   RO          466    i.HAL_ADC_ConvCpltCallback  stm32f4xx_hal_adc.o
    0x08000b4a   0x08000b4a   0x00000002   Code   RO          467    i.HAL_ADC_ConvHalfCpltCallback  stm32f4xx_hal_adc.o
    0x08000b4c   0x08000b4c   0x00000002   Code   RO          469    i.HAL_ADC_ErrorCallback  stm32f4xx_hal_adc.o
    0x08000b4e   0x08000b4e   0x0000012e   Code   RO          473    i.HAL_ADC_IRQHandler  stm32f4xx_hal_adc.o
    0x08000c7c   0x08000c7c   0x00000054   Code   RO          474    i.HAL_ADC_Init      stm32f4xx_hal_adc.o
    0x08000cd0   0x08000cd0   0x00000002   Code   RO          475    i.HAL_ADC_LevelOutOfWindowCallback  stm32f4xx_hal_adc.o
    0x08000cd2   0x08000cd2   0x00000002   PAD
    0x08000cd4   0x08000cd4   0x000000a8   Code   RO          225    i.HAL_ADC_MspInit   adc.o
    0x08000d7c   0x08000d7c   0x00000158   Code   RO          481    i.HAL_ADC_Start_DMA  stm32f4xx_hal_adc.o
    0x08000ed4   0x08000ed4   0x00000092   Code   RO         1200    i.HAL_DMA_Abort     stm32f4xx_hal_dma.o
    0x08000f66   0x08000f66   0x00000024   Code   RO         1201    i.HAL_DMA_Abort_IT  stm32f4xx_hal_dma.o
    0x08000f8a   0x08000f8a   0x00000002   PAD
    0x08000f8c   0x08000f8c   0x000001a0   Code   RO         1205    i.HAL_DMA_IRQHandler  stm32f4xx_hal_dma.o
    0x0800112c   0x0800112c   0x000000d4   Code   RO         1206    i.HAL_DMA_Init      stm32f4xx_hal_dma.o
    0x08001200   0x08001200   0x0000006e   Code   RO         1210    i.HAL_DMA_Start_IT  stm32f4xx_hal_dma.o
    0x0800126e   0x0800126e   0x00000002   PAD
    0x08001270   0x08001270   0x000001f0   Code   RO         1093    i.HAL_GPIO_Init     stm32f4xx_hal_gpio.o
    0x08001460   0x08001460   0x0000000a   Code   RO         1097    i.HAL_GPIO_WritePin  stm32f4xx_hal_gpio.o
    0x0800146a   0x0800146a   0x00000002   PAD
    0x0800146c   0x0800146c   0x0000000c   Code   RO         1643    i.HAL_GetTick       stm32f4xx_hal.o
    0x08001478   0x08001478   0x00000010   Code   RO         1649    i.HAL_IncTick       stm32f4xx_hal.o
    0x08001488   0x08001488   0x00000034   Code   RO         1650    i.HAL_Init          stm32f4xx_hal.o
    0x080014bc   0x080014bc   0x00000040   Code   RO         1651    i.HAL_InitTick      stm32f4xx_hal.o
    0x080014fc   0x080014fc   0x00000030   Code   RO          436    i.HAL_MspInit       stm32f4xx_hal_msp.o
    0x0800152c   0x0800152c   0x0000001a   Code   RO         1485    i.HAL_NVIC_EnableIRQ  stm32f4xx_hal_cortex.o
    0x08001546   0x08001546   0x00000002   PAD
    0x08001548   0x08001548   0x00000040   Code   RO         1491    i.HAL_NVIC_SetPriority  stm32f4xx_hal_cortex.o
    0x08001588   0x08001588   0x00000024   Code   RO         1492    i.HAL_NVIC_SetPriorityGrouping  stm32f4xx_hal_cortex.o
    0x080015ac   0x080015ac   0x00000134   Code   RO          739    i.HAL_RCC_ClockConfig  stm32f4xx_hal_rcc.o
    0x080016e0   0x080016e0   0x00000020   Code   RO          746    i.HAL_RCC_GetPCLK1Freq  stm32f4xx_hal_rcc.o
    0x08001700   0x08001700   0x00000020   Code   RO          747    i.HAL_RCC_GetPCLK2Freq  stm32f4xx_hal_rcc.o
    0x08001720   0x08001720   0x00000060   Code   RO          748    i.HAL_RCC_GetSysClockFreq  stm32f4xx_hal_rcc.o
    0x08001780   0x08001780   0x0000036c   Code   RO          751    i.HAL_RCC_OscConfig  stm32f4xx_hal_rcc.o
    0x08001aec   0x08001aec   0x00000028   Code   RO         1496    i.HAL_SYSTICK_Config  stm32f4xx_hal_cortex.o
    0x08001b14   0x08001b14   0x0000004a   Code   RO         1934    i.HAL_UARTEx_ReceiveToIdle_DMA  stm32f4xx_hal_uart.o
    0x08001b5e   0x08001b5e   0x00000002   PAD
    0x08001b60   0x08001b60   0x0000004c   Code   RO         2511    i.HAL_UARTEx_RxEventCallback  usart_app.o
    0x08001bac   0x08001bac   0x00000070   Code   RO         1948    i.HAL_UART_DMAStop  stm32f4xx_hal_uart.o
    0x08001c1c   0x08001c1c   0x00000002   Code   RO         1950    i.HAL_UART_ErrorCallback  stm32f4xx_hal_uart.o
    0x08001c1e   0x08001c1e   0x00000002   PAD
    0x08001c20   0x08001c20   0x00000280   Code   RO         1953    i.HAL_UART_IRQHandler  stm32f4xx_hal_uart.o
    0x08001ea0   0x08001ea0   0x00000064   Code   RO         1954    i.HAL_UART_Init     stm32f4xx_hal_uart.o
    0x08001f04   0x08001f04   0x000000b0   Code   RO          291    i.HAL_UART_MspInit  usart.o
    0x08001fb4   0x08001fb4   0x00000002   Code   RO         1960    i.HAL_UART_RxCpltCallback  stm32f4xx_hal_uart.o
    0x08001fb6   0x08001fb6   0x00000002   Code   RO         1961    i.HAL_UART_RxHalfCpltCallback  stm32f4xx_hal_uart.o
    0x08001fb8   0x08001fb8   0x000000a0   Code   RO         1962    i.HAL_UART_Transmit  stm32f4xx_hal_uart.o
    0x08002058   0x08002058   0x00000002   Code   RO         1965    i.HAL_UART_TxCpltCallback  stm32f4xx_hal_uart.o
    0x0800205a   0x0800205a   0x00000002   Code   RO          341    i.HardFault_Handler  stm32f4xx_it.o
    0x0800205c   0x0800205c   0x00000064   Code   RO          226    i.MX_ADC1_Init      adc.o
    0x080020c0   0x080020c0   0x0000003c   Code   RO          266    i.MX_DMA_Init       dma.o
    0x080020fc   0x080020fc   0x0000006c   Code   RO          200    i.MX_GPIO_Init      gpio.o
    0x08002168   0x08002168   0x00000050   Code   RO          292    i.MX_USART1_UART_Init  usart.o
    0x080021b8   0x080021b8   0x00000002   Code   RO          342    i.MemManage_Handler  stm32f4xx_it.o
    0x080021ba   0x080021ba   0x00000002   Code   RO          343    i.NMI_Handler       stm32f4xx_it.o
    0x080021bc   0x080021bc   0x00000002   Code   RO          344    i.PendSV_Handler    stm32f4xx_it.o
    0x080021be   0x080021be   0x00000002   Code   RO          345    i.SVC_Handler       stm32f4xx_it.o
    0x080021c0   0x080021c0   0x00000004   Code   RO          346    i.SysTick_Handler   stm32f4xx_it.o
    0x080021c4   0x080021c4   0x00000094   Code   RO           14    i.SystemClock_Config  main.o
    0x08002258   0x08002258   0x00000010   Code   RO         2288    i.SystemInit        system_stm32f4xx.o
    0x08002268   0x08002268   0x0000000e   Code   RO         1967    i.UART_DMAAbortOnError  stm32f4xx_hal_uart.o
    0x08002276   0x08002276   0x0000004a   Code   RO         1968    i.UART_DMAError     stm32f4xx_hal_uart.o
    0x080022c0   0x080022c0   0x00000086   Code   RO         1969    i.UART_DMAReceiveCplt  stm32f4xx_hal_uart.o
    0x08002346   0x08002346   0x0000001e   Code   RO         1971    i.UART_DMARxHalfCplt  stm32f4xx_hal_uart.o
    0x08002364   0x08002364   0x0000004e   Code   RO         1977    i.UART_EndRxTransfer  stm32f4xx_hal_uart.o
    0x080023b2   0x080023b2   0x0000001c   Code   RO         1978    i.UART_EndTxTransfer  stm32f4xx_hal_uart.o
    0x080023ce   0x080023ce   0x000000c2   Code   RO         1979    i.UART_Receive_IT   stm32f4xx_hal_uart.o
    0x08002490   0x08002490   0x0000010c   Code   RO         1980    i.UART_SetConfig    stm32f4xx_hal_uart.o
    0x0800259c   0x0800259c   0x000000a0   Code   RO         1981    i.UART_Start_Receive_DMA  stm32f4xx_hal_uart.o
    0x0800263c   0x0800263c   0x00000072   Code   RO         1983    i.UART_WaitOnFlagUntilTimeout  stm32f4xx_hal_uart.o
    0x080026ae   0x080026ae   0x00000002   PAD
    0x080026b0   0x080026b0   0x0000000c   Code   RO          347    i.USART1_IRQHandler  stm32f4xx_it.o
    0x080026bc   0x080026bc   0x00000002   Code   RO          348    i.UsageFault_Handler  stm32f4xx_it.o
    0x080026be   0x080026be   0x00000002   PAD
    0x080026c0   0x080026c0   0x00000034   Code   RO         2640    i.__0vsnprintf      mc_w.l(printfa.o)
    0x080026f4   0x080026f4   0x00000020   Code   RO         1498    i.__NVIC_SetPriority  stm32f4xx_hal_cortex.o
    0x08002714   0x08002714   0x0000000e   Code   RO         2736    i.__scatterload_copy  mc_w.l(handlers.o)
    0x08002722   0x08002722   0x00000002   Code   RO         2737    i.__scatterload_null  mc_w.l(handlers.o)
    0x08002724   0x08002724   0x0000000e   Code   RO         2738    i.__scatterload_zeroinit  mc_w.l(handlers.o)
    0x08002732   0x08002732   0x00000002   PAD
    0x08002734   0x08002734   0x00000184   Code   RO         2642    i._fp_digits        mc_w.l(printfa.o)
    0x080028b8   0x080028b8   0x000006b4   Code   RO         2643    i._printf_core      mc_w.l(printfa.o)
    0x08002f6c   0x08002f6c   0x00000024   Code   RO         2644    i._printf_post_padding  mc_w.l(printfa.o)
    0x08002f90   0x08002f90   0x0000002e   Code   RO         2645    i._printf_pre_padding  mc_w.l(printfa.o)
    0x08002fbe   0x08002fbe   0x00000016   Code   RO         2646    i._snputc           mc_w.l(printfa.o)
    0x08002fd4   0x08002fd4   0x00000002   Code   RO         2407    i.led_proc          scheduler.o
    0x08002fd6   0x08002fd6   0x00000022   Code   RO           15    i.main              main.o
    0x08002ff8   0x08002ff8   0x00000014   Code   RO         2574    i.mq2_dma_init      mq2_app.o
    0x0800300c   0x0800300c   0x00000088   Code   RO         2575    i.mq2_task          mq2_app.o
    0x08003094   0x08003094   0x00000032   Code   RO         2512    i.my_printf         usart_app.o
    0x080030c6   0x080030c6   0x00000030   Code   RO         2322    i.rt_ringbuffer_data_len  ringbuffer.o
    0x080030f6   0x080030f6   0x00000074   Code   RO         2323    i.rt_ringbuffer_get  ringbuffer.o
    0x0800316a   0x0800316a   0x00000030   Code   RO         2325    i.rt_ringbuffer_init  ringbuffer.o
    0x0800319a   0x0800319a   0x00000078   Code   RO         2327    i.rt_ringbuffer_put  ringbuffer.o
    0x08003212   0x08003212   0x00000020   Code   RO         2332    i.rt_ringbuffer_status  ringbuffer.o
    0x08003232   0x08003232   0x00000002   PAD
    0x08003234   0x08003234   0x00000018   Code   RO         2408    i.scheduler_init    scheduler.o
    0x0800324c   0x0800324c   0x0000003c   Code   RO         2409    i.scheduler_run     scheduler.o
    0x08003288   0x08003288   0x00000010   Code   RO         2513    i.uart_init         usart_app.o
    0x08003298   0x08003298   0x0000004c   Code   RO         2514    i.uart_task         usart_app.o
    0x080032e4   0x080032e4   0x00000008   Data   RO         1212    .constdata          stm32f4xx_hal_dma.o
    0x080032ec   0x080032ec   0x00000010   Data   RO         2289    .constdata          system_stm32f4xx.o
    0x080032fc   0x080032fc   0x00000008   Data   RO         2290    .constdata          system_stm32f4xx.o
    0x08003304   0x08003304   0x00000020   Data   RO         2734    Region$$Table       anon$$obj.o


    Execution Region RW_IRAM1 (Exec base: 0x20000000, Load base: 0x08003324, Size: 0x000007a0, Max: 0x0001c000, ABSOLUTE)

    Exec Addr    Load Addr    Size         Type   Attr      Idx    E Section Name        Object

    0x20000000   0x08003324   0x0000000c   Data   RW         1657    .data               stm32f4xx_hal.o
    0x2000000c   0x08003330   0x00000004   Data   RW         2291    .data               system_stm32f4xx.o
    0x20000010   0x08003334   0x00000028   Data   RW         2410    .data               scheduler.o
    0x20000038   0x0800335c   0x00000008   Data   RW         2577    .data               mq2_app.o
    0x20000040        -       0x000000a8   Zero   RW          227    .bss                adc.o
    0x200000e8        -       0x000000a8   Zero   RW          293    .bss                usart.o
    0x20000190        -       0x0000018c   Zero   RW         2515    .bss                usart_app.o
    0x2000031c        -       0x00000080   Zero   RW         2576    .bss                mq2_app.o
    0x2000039c   0x08003364   0x00000004   PAD
    0x200003a0        -       0x00000400   Zero   RW            1    STACK               startup_stm32f407xx.o


    Execution Region RW_IRAM2 (Exec base: 0x2001c000, Load base: 0x08003364, Size: 0x00000000, Max: 0x00004000, ABSOLUTE)

    **** No section assigned to this execution region ****


==============================================================================

Image component sizes


      Code (inc. data)   RO Data    RW Data    ZI Data      Debug   Object Name

       268         32          0          0        168       1715   adc.o
        60          4          0          0          0        750   dma.o
       108         10          0          0          0        887   gpio.o
       186         10          0          0          0     680004   main.o
       156         60          0          8        128       1679   mq2_app.o
       364          0          0          0          0       6091   ringbuffer.o
        86         10          0         40          0       2035   scheduler.o
        36          8        392          0       1024        820   startup_stm32f407xx.o
       144         24          0         12          0       8661   stm32f4xx_hal.o
      1508         66          0          0          0       8849   stm32f4xx_hal_adc.o
         2          0          0          0          0        953   stm32f4xx_hal_adc_ex.o
       198         14          0          0          0      33723   stm32f4xx_hal_cortex.o
      1084         16          8          0          0       7202   stm32f4xx_hal_dma.o
       506         46          0          0          0       2144   stm32f4xx_hal_gpio.o
        48          6          0          0          0        826   stm32f4xx_hal_msp.o
      1344         72          0          0          0       5164   stm32f4xx_hal_rcc.o
      2188         28          0          0          0      15416   stm32f4xx_hal_uart.o
        68         24          0          0          0       5843   stm32f4xx_it.o
        16          4         24          4          0       1079   system_stm32f4xx.o
       256         34          0          0        168       1793   usart.o
       218         44          0          0        396       5819   usart_app.o

    ----------------------------------------------------------------------
      8866        512        456         64       1888     791453   Object Totals
         0          0         32          0          0          0   (incl. Generated)
        22          0          0          0          4          0   (incl. Padding)

    ----------------------------------------------------------------------

      Code (inc. data)   RO Data    RW Data    ZI Data      Debug   Library Member Name

         0          0          0          0          0          0   entry.o
         0          0          0          0          0          0   entry10a.o
         0          0          0          0          0          0   entry11a.o
         4          0          0          0          0          0   entry12b.o
         8          4          0          0          0          0   entry2.o
         4          0          0          0          0          0   entry5.o
         0          0          0          0          0          0   entry7b.o
         0          0          0          0          0          0   entry8b.o
         8          4          0          0          0          0   entry9a.o
        30          0          0          0          0          0   handlers.o
        36          8          0          0          0         68   init.o
         0          0          0          0          0          0   iusefp.o
        30          0          0          0          0         68   llshl.o
        36          0          0          0          0         68   llsshr.o
        32          0          0          0          0         68   llushr.o
        36          0          0          0          0         68   memcpya.o
        36          0          0          0          0        108   memseta.o
      2260         86          0          0          0        528   printfa.o
        44          0          0          0          0         80   uidiv.o
        98          0          0          0          0         92   uldiv.o
        48          0          0          0          0         68   cdrcmple.o
       334          0          0          0          0        148   dadd.o
       222          0          0          0          0        100   ddiv.o
       186          0          0          0          0        176   depilogue.o
        48          0          0          0          0         68   dfixul.o
       228          0          0          0          0         96   dmul.o
        38          0          0          0          0         68   f2d.o

    ----------------------------------------------------------------------
      3770        102          0          0          0       1872   Library Totals
         4          0          0          0          0          0   (incl. Padding)

    ----------------------------------------------------------------------

      Code (inc. data)   RO Data    RW Data    ZI Data      Debug   Library Name

      2662        102          0          0          0       1148   mc_w.l
      1104          0          0          0          0        724   mf_w.l

    ----------------------------------------------------------------------
      3770        102          0          0          0       1872   Library Totals

    ----------------------------------------------------------------------

==============================================================================


      Code (inc. data)   RO Data    RW Data    ZI Data      Debug   

     12636        614        456         64       1888     783893   Grand Totals
     12636        614        456         64       1888     783893   ELF Image Totals
     12636        614        456         64          0          0   ROM Totals

==============================================================================

    Total RO  Size (Code + RO Data)                13092 (  12.79kB)
    Total RW  Size (RW Data + ZI Data)              1952 (   1.91kB)
    Total ROM Size (Code + RO Data + RW Data)      13156 (  12.85kB)

==============================================================================

